Archive member included because of file (symbol)

contiki-sky.a(rimeaddr.o)     udp-sender.co (rimeaddr_copy)
contiki-sky.a(csma.o)         obj_sky/contiki-sky-main.o (csma_driver)
contiki-sky.a(contikimac.o)   obj_sky/collect-common.o (contikimac_driver)
contiki-sky.a(phase.o)        contiki-sky.a(contikimac.o) (phase_update)
contiki-sky.a(rpl-dag.o)      udp-sender.co (rpl_get_parent_rank)
contiki-sky.a(rpl-icmp6.o)    contiki-sky.a(rpl-dag.o) (dao_output)
contiki-sky.a(rpl-timers.o)   contiki-sky.a(rpl-dag.o) (rpl_reset_dio_timer)
contiki-sky.a(process.o)      udp-sender.co (process_current)
contiki-sky.a(autostart.o)    obj_sky/contiki-sky-main.o (autostart_start)
contiki-sky.a(compower.o)     contiki-sky.a(contikimac.o) (compower_idle_activity)
contiki-sky.a(serial-line.o)  obj_sky/collect-common.o (serial_line_event_message)
contiki-sky.a(memb.o)         contiki-sky.a(csma.o) (memb_init)
contiki-sky.a(timer.o)        obj_sky/contiki-sky-main.o (timer_set)
contiki-sky.a(list.o)         contiki-sky.a(csma.o) (list_init)
contiki-sky.a(etimer.o)       obj_sky/contiki-sky-main.o (etimer_process)
contiki-sky.a(ctimer.o)       obj_sky/contiki-sky-main.o (ctimer_init)
contiki-sky.a(energest.o)     obj_sky/contiki-sky-main.o (energest_init)
contiki-sky.a(rtimer.o)       obj_sky/contiki-sky-main.o (rtimer_init)
contiki-sky.a(stimer.o)       contiki-sky.a(rpl-icmp6.o) (stimer_set)
contiki-sky.a(random.o)       obj_sky/contiki-sky-main.o (random_init)
contiki-sky.a(ringbuf.o)      contiki-sky.a(serial-line.o) (ringbuf_init)
contiki-sky.a(nbr-table.o)    contiki-sky.a(phase.o) (nbr_table_register)
contiki-sky.a(packetbuf.o)    contiki-sky.a(contikimac.o) (packetbuf_hdr_remove)
contiki-sky.a(queuebuf.o)     obj_sky/contiki-sky-main.o (queuebuf_init)
contiki-sky.a(sicslowpan.o)   obj_sky/contiki-sky-main.o (sicslowpan_driver)
contiki-sky.a(tcpip.o)        contiki-sky.a(sicslowpan.o) (tcpip_set_outputfunc)
contiki-sky.a(uip-ds6-route.o)
                              contiki-sky.a(rpl-icmp6.o) (uip_ds6_route_nexthop)
contiki-sky.a(uip-ds6-nbr.o)  contiki-sky.a(rpl-icmp6.o) (uip_ds6_nbr_add)
contiki-sky.a(uip-ds6.o)      contiki-sky.a(tcpip.o) (uip_ds6_is_addr_onlink)
contiki-sky.a(uip-icmp6.o)    contiki-sky.a(rpl-icmp6.o) (uip_icmp6_send)
contiki-sky.a(uip-nd6.o)      contiki-sky.a(tcpip.o) (uip_nd6_ns_output)
contiki-sky.a(uip-udp-packet.)
                              udp-sender.co (uip_udp_packet_sendto)
contiki-sky.a(uip6.o)         contiki-sky.a(rpl-icmp6.o) (uip_aligned_buf)
contiki-sky.a(collect-view.o)
                              udp-sender.co (collect_view_construct_message)
contiki-sky.a(collect-view-sk)
                              contiki-sky.a(collect-view.o) (collect_view_arch_read_sensors)
contiki-sky.a(contiki-sky-pla)
                              obj_sky/contiki-sky-main.o (init_platform)
contiki-sky.a(sht11-sensor.o)
                              contiki-sky.a(collect-view-sk) (sht11_sensor)
contiki-sky.a(light-sensor.o)
                              contiki-sky.a(collect-view-sk) (light_sensor)
contiki-sky.a(battery-sensor.)
                              contiki-sky.a(collect-view-sk) (battery_sensor)
contiki-sky.a(button-sensor.o)
                              contiki-sky.a(contiki-sky-pla) (button_sensor)
contiki-sky.a(ds2411.o)       obj_sky/contiki-sky-main.o (ds2411_init)
contiki-sky.a(xmem.o)         obj_sky/contiki-sky-main.o (xmem_init)
contiki-sky.a(node-id.o)      obj_sky/contiki-sky-main.o (node_id_restore)
contiki-sky.a(sensors.o)      contiki-sky.a(button-sensor.o) (sensors_changed)
contiki-sky.a(cc2420.o)       obj_sky/contiki-sky-main.o (cc2420_set_channel)
contiki-sky.a(cc2420-arch.o)  contiki-sky.a(cc2420.o) (cc2420_arch_init)
contiki-sky.a(sky-sensors.o)  contiki-sky.a(light-sensor.o) (sky_sensors_status)
contiki-sky.a(uart1.o)        obj_sky/contiki-sky-main.o (uart1_active)
contiki-sky.a(uart1-putchar.o)
                              obj_sky/collect-common.o (putchar)
contiki-sky.a(msp430.o)       contiki-sky.a(uart1.o) (msp430_add_lpm_req)
contiki-sky.a(clock.o)        contiki-sky.a(timer.o) (clock_time)
contiki-sky.a(leds.o)         obj_sky/contiki-sky-main.o (leds_init)
contiki-sky.a(leds-arch.o)    contiki-sky.a(leds.o) (leds_arch_init)
contiki-sky.a(watchdog.o)     obj_sky/contiki-sky-main.o (watchdog_start)
contiki-sky.a(rtimer-arch.o)  contiki-sky.a(rtimer.o) (rtimer_arch_init)
contiki-sky.a(rpl-of0.o)      contiki-sky.a(rpl-dag.o) (rpl_of0)
contiki-sky.a(mac.o)          contiki-sky.a(csma.o) (mac_call_sent_callback)
contiki-sky.a(framer-802154.o)
                              contiki-sky.a(contikimac.o) (framer_802154)
contiki-sky.a(rpl.o)          contiki-sky.a(rpl-timers.o) (rpl_purge_routes)
contiki-sky.a(rpl-ext-header.)
                              contiki-sky.a(uip6.o) (rpl_verify_header)
contiki-sky.a(sht11.o)        contiki-sky.a(sht11-sensor.o) (sht11_init)
contiki-sky.a(spi.o)          contiki-sky.a(xmem.o) (spi_init)
[...]
Memory Configuration

Name             Origin             Length             Attributes
sfr              0x00000000         0x00000010
peripheral_8bit  0x00000010         0x000000f0
peripheral_16bit 0x00000100         0x00000100
infomem          0x00001000         0x00000100
infob            0x00001000         0x00000080
infoa            0x00001080         0x00000080
ram              0x00001100         0x00002800         xw
rom              0x00004000         0x0000bfe0         xr
vectors          0x0000ffe0         0x00000020
bsl              0x00000000         0x00000000
infoc            0x00000000         0x00000000
infod            0x00000000         0x00000000
far_rom          0x00000000         0x00000000
*default*        0x00000000         0xffffffff

Linker script and memory map

LOAD /usr/lib/gcc/msp430/4.5.3/mmpy-16/crt0ivtbl16.o
LOAD udp-sender.co
LOAD obj_sky/collect-common.o
LOAD obj_sky/contiki-sky-main.o
LOAD contiki-sky.a
LOAD /usr/lib/gcc/msp430/4.5.3/mmpy-16/libgcc.a
LOAD /usr/lib/gcc/msp430/4.5.3/../../../../msp430/lib/mmpy-16/libc.a
LOAD /usr/lib/gcc/msp430/4.5.3/mmpy-16/libgcc.a
LOAD /usr/lib/gcc/msp430/4.5.3/mmpy-16/libcrt0.a
                0x00000000                __IE1 = 0x0
                0x00000002                __IFG1 = 0x2
                0x00000004                __ME1 = 0x4
                0x00000001                __IE2 = 0x1
                0x00000003                __IFG2 = 0x3
                0x00000005                __ME2 = 0x5
                0x00000120                __WDTCTL = 0x120
                0x00000130                __MPY = 0x130
                0x00000132                __MPYS = 0x132
                0x00000134                __MAC = 0x134
                0x00000136                __MACS = 0x136
                0x00000138                __OP2 = 0x138
                0x0000013a                __RESLO = 0x13a
                0x0000013c                __RESHI = 0x13c
                0x0000013e                __SUMEXT = 0x13e
                0x00000020                __P1IN = 0x20
                0x00000021                __P1OUT = 0x21
                0x00000022                __P1DIR = 0x22
                0x00000023                __P1IFG = 0x23
                0x00000024                __P1IES = 0x24
                0x00000025                __P1IE = 0x25
                0x00000026                __P1SEL = 0x26
                0x00000028                __P2IN = 0x28
                0x00000029                __P2OUT = 0x29
                0x0000002a                __P2DIR = 0x2a
                0x0000002b                __P2IFG = 0x2b
                0x0000002c                __P2IES = 0x2c
                0x0000002d                __P2IE = 0x2d
                0x0000002e                __P2SEL = 0x2e
                0x00000018                __P3IN = 0x18
                0x00000019                __P3OUT = 0x19
                0x0000001a                __P3DIR = 0x1a
                0x0000001b                __P3SEL = 0x1b
                0x0000001c                __P4IN = 0x1c
                0x0000001d                __P4OUT = 0x1d
                0x0000001e                __P4DIR = 0x1e
                0x0000001f                __P4SEL = 0x1f
                0x00000030                __P5IN = 0x30
                0x00000031                __P5OUT = 0x31
                0x00000032                __P5DIR = 0x32
                0x00000033                __P5SEL = 0x33
                0x00000034                __P6IN = 0x34
                0x00000035                __P6OUT = 0x35
                0x00000036                __P6DIR = 0x36
                0x00000037                __P6SEL = 0x37
                0x00000070                __U0CTL = 0x70
                0x00000071                __U0TCTL = 0x71
                0x00000072                __U0RCTL = 0x72
                0x00000073                __U0MCTL = 0x73
                0x00000074                __U0BR0 = 0x74
                0x00000075                __U0BR1 = 0x75
                0x00000076                __U0RXBUF = 0x76
                0x00000077                __U0TXBUF = 0x77
                0x00000078                __U1CTL = 0x78
                0x00000079                __U1TCTL = 0x79
                0x0000007a                __U1RCTL = 0x7a
                0x0000007b                __U1MCTL = 0x7b
                0x0000007c                __U1BR0 = 0x7c
                0x0000007d                __U1BR1 = 0x7d
                0x0000007e                __U1RXBUF = 0x7e
                0x0000007f                __U1TXBUF = 0x7f
                0x00000050                __I2CIE = 0x50
                0x00000051                __I2CIFG = 0x51
                0x00000052                __I2CNDAT = 0x52
                0x00000071                __I2CTCTL = 0x71
                0x00000072                __I2CDCTL = 0x72
                0x00000073                __I2CPSC = 0x73
                0x00000074                __I2CSCLH = 0x74
                0x00000075                __I2CSCLL = 0x75
                0x00000076                __I2CDRB = 0x76
                0x00000076                __I2CDRW = 0x76
                0x00000118                __I2COA = 0x118
                0x0000011a                __I2CSA = 0x11a
                0x0000011c                __I2CIV = 0x11c
                0x0000012e                __TAIV = 0x12e
                0x00000160                __TACTL = 0x160
                0x00000162                __TACCTL0 = 0x162
                0x00000164                __TACCTL1 = 0x164
                0x00000166                __TACCTL2 = 0x166
                0x00000170                __TAR = 0x170
                0x00000172                __TACCR0 = 0x172
                0x00000174                __TACCR1 = 0x174
                0x00000176                __TACCR2 = 0x176
                0x0000011e                __TBIV = 0x11e
                0x00000180                __TBCTL = 0x180
                0x00000182                __TBCCTL0 = 0x182
                0x00000184                __TBCCTL1 = 0x184
                0x00000186                __TBCCTL2 = 0x186
                0x00000188                __TBCCTL3 = 0x188
                0x0000018a                __TBCCTL4 = 0x18a
                0x0000018c                __TBCCTL5 = 0x18c
                0x0000018e                __TBCCTL6 = 0x18e
                0x00000190                __TBR = 0x190
                0x00000192                __TBCCR0 = 0x192
                0x00000194                __TBCCR1 = 0x194
                0x00000196                __TBCCR2 = 0x196
                0x00000198                __TBCCR3 = 0x198
                0x0000019a                __TBCCR4 = 0x19a
                0x0000019c                __TBCCR5 = 0x19c
                0x0000019e                __TBCCR6 = 0x19e
                0x00000056                __DCOCTL = 0x56
                0x00000057                __BCSCTL1 = 0x57
                0x00000058                __BCSCTL2 = 0x58
                0x00000055                __SVSCTL = 0x55
                0x00000128                __FCTL1 = 0x128
                0x0000012a                __FCTL2 = 0x12a
                0x0000012c                __FCTL3 = 0x12c
                0x00000059                __CACTL1 = 0x59
                0x0000005a                __CACTL2 = 0x5a
                0x0000005b                __CAPD = 0x5b
                0x000001a0                __ADC12CTL0 = 0x1a0
                0x000001a2                __ADC12CTL1 = 0x1a2
                0x000001a4                __ADC12IFG = 0x1a4
                0x000001a6                __ADC12IE = 0x1a6
                0x000001a8                __ADC12IV = 0x1a8
                0x00000140                __ADC12MEM0 = 0x140
                0x00000142                __ADC12MEM1 = 0x142
                0x00000144                __ADC12MEM2 = 0x144
                0x00000146                __ADC12MEM3 = 0x146
                0x00000148                __ADC12MEM4 = 0x148
                0x0000014a                __ADC12MEM5 = 0x14a
                0x0000014c                __ADC12MEM6 = 0x14c
                0x0000014e                __ADC12MEM7 = 0x14e
                0x00000150                __ADC12MEM8 = 0x150
                0x00000152                __ADC12MEM9 = 0x152
                0x00000154                __ADC12MEM10 = 0x154
                0x00000156                __ADC12MEM11 = 0x156
                0x00000158                __ADC12MEM12 = 0x158
                0x0000015a                __ADC12MEM13 = 0x15a
                0x0000015c                __ADC12MEM14 = 0x15c
                0x0000015e                __ADC12MEM15 = 0x15e
                0x00000080                __ADC12MCTL0 = 0x80
                0x00000081                __ADC12MCTL1 = 0x81
                0x00000082                __ADC12MCTL2 = 0x82
                0x00000083                __ADC12MCTL3 = 0x83
                0x00000084                __ADC12MCTL4 = 0x84
                0x00000085                __ADC12MCTL5 = 0x85
                0x00000086                __ADC12MCTL6 = 0x86
                0x00000087                __ADC12MCTL7 = 0x87
                0x00000088                __ADC12MCTL8 = 0x88
                0x00000089                __ADC12MCTL9 = 0x89
                0x0000008a                __ADC12MCTL10 = 0x8a
                0x0000008b                __ADC12MCTL11 = 0x8b
                0x0000008c                __ADC12MCTL12 = 0x8c
                0x0000008d                __ADC12MCTL13 = 0x8d
                0x0000008e                __ADC12MCTL14 = 0x8e
                0x0000008f                __ADC12MCTL15 = 0x8f
                0x000001c0                __DAC12_0CTL = 0x1c0
                0x000001c2                __DAC12_1CTL = 0x1c2
                0x000001c8                __DAC12_0DAT = 0x1c8
                0x000001ca                __DAC12_1DAT = 0x1ca
                0x00000122                __DMACTL0 = 0x122
                0x00000124                __DMACTL1 = 0x124
                0x000001e0                __DMA0CTL = 0x1e0
                0x000001e8                __DMA1CTL = 0x1e8
                0x000001f0                __DMA2CTL = 0x1f0
                0x000001e2                __DMA0SA = 0x1e2
                0x000001e4                __DMA0DA = 0x1e4
                0x000001e6                __DMA0SZ = 0x1e6
                0x000001ea                __DMA1SA = 0x1ea
                0x000001ec                __DMA1DA = 0x1ec
                0x000001ee                __DMA1SZ = 0x1ee
                0x000001f2                __DMA2SA = 0x1f2
                0x000001f4                __DMA2DA = 0x1f4
                0x000001f6                __DMA2SZ = 0x1f6

.hash
 *(.hash)

.dynsym
 *(.dynsym)

.dynstr
 *(.dynstr)

.gnu.version
 *(.gnu.version)

.gnu.version_d
 *(.gnu.version_d)

.gnu.version_r
 *(.gnu.version_r)

.rel.init
 *(.rel.init)

.rela.init
 *(.rela.init)

.rel.text
 *(.rel.text)
 *(.rel.text.*)
 *(.rel.gnu.linkonce.t*)

.rela.text
 *(.rela.text)
 *(.rela.text.*)
 *(.rela.gnu.linkonce.t*)

.rel.fini
 *(.rel.fini)

.rela.fini
 *(.rela.fini)

.rel.rodata
 *(.rel.rodata)
 *(.rel.rodata.*)
 *(.rel.gnu.linkonce.r*)

.rela.rodata
 *(.rela.rodata)
 *(.rela.rodata.*)
 *(.rela.gnu.linkonce.r*)

.rel.data
 *(.rel.data)
 *(.rel.data.*)
 *(.rel.gnu.linkonce.d*)

.rela.data
 *(.rela.data)
 *(.rela.data.*)
 *(.rela.gnu.linkonce.d*)

.rel.ctors
 *(.rel.ctors)

.rela.ctors
 *(.rela.ctors)

.rel.dtors
 *(.rel.dtors)

.rela.dtors
 *(.rela.dtors)

.rel.got
 *(.rel.got)

.rela.got
 *(.rela.got)

.rel.bss
 *(.rel.bss)

.rela.bss
 *(.rela.bss)

.rel.plt
 *(.rel.plt)

.rela.plt
 *(.rela.plt)

.text           0x00004000     0xb4f4
                0x00004000                . = ALIGN (0x2)
 *(.init)
 *(.init0)
 .init0         0x00004000        0x0 /usr/lib/gcc/msp430/4.5.3/mmpy-16/libcrt0.a(_reset_vector__.o)
                0x00004000                _reset_vector__
 *(.init1)
 *(.init2)
 .init2         0x00004000        0x4 /usr/lib/gcc/msp430/4.5.3/mmpy-16/libcrt0.a(__init_stack.o)
                0x00004000                __init_stack
 *(.init3)
 .init3         0x00004004        0xa /usr/lib/gcc/msp430/4.5.3/mmpy-16/libcrt0.a(__low_level_init.o)
                0x00004004                __low_level_init
 *(.init4)
 .init4         0x0000400e       0x16 /usr/lib/gcc/msp430/4.5.3/mmpy-16/libcrt0.a(_copy_data.o)
                0x0000400e                __do_copy_data
 .init4         0x00004024       0x14 /usr/lib/gcc/msp430/4.5.3/mmpy-16/libcrt0.a(_clear_bss.o)
                0x00004024                __do_clear_bss
 *(.init5)
 *(.init6)
 *(.init7)
 *(.init8)
 *(.init9)
 .init9         0x00004038      0x368 obj_sky/contiki-sky-main.o
                0x00004038                main
 *(.fini9)
 .fini9         0x000043a0        0x0 /usr/lib/gcc/msp430/4.5.3/mmpy-16/libcrt0.a(__stop_progExec__.o)
                0x000043a0                __stop_progExec__
 *(.fini8)
 *(.fini7)
 *(.fini6)
 *(.fini5)
 *(.fini4)
 *(.fini3)
 *(.fini2)
 *(.fini1)
 *(.fini0)
 .fini0         0x000043a0        0x6 /usr/lib/gcc/msp430/4.5.3/mmpy-16/libcrt0.a(_endless_loop__.o)
                0x000043a0                _endless_loop__
 *(.fini)
                0x000043a6                . = ALIGN (0x2)
                0x000043a6                __ctors_start = .
 *(.ctors)
                0x000043a6                __ctors_end = .
                0x000043a6                __dtors_start = .
 *(.dtors)
                0x000043a6                __dtors_end = .
                0x000043a6                . = ALIGN (0x2)
 *(.text)
 .text          0x000043a6        0x4 /usr/lib/gcc/msp430/4.5.3/mmpy-16/crt0ivtbl16.o
                0x000043a6                __isr_14
                0x000043a6                __isr_11
                0x000043a6                __isr_2
                0x000043a6                __isr_7
                0x000043a6                __isr_0
                0x000043a6                __isr_8
                0x000043a6                __isr_3
                0x000043a6                __isr_12
                0x000043a6                __isr_13
                0x000043a6                __isr_9
 .text          0x000043aa       0x50 udp-sender.co
                0x000043f4                autostart_processes
 .text          0x000043fa       0xce obj_sky/collect-common.o
 .text          0x000044c8      0x10b obj_sky/contiki-sky-main.o
 *fill*         0x000045d3        0x1 00
 .text          0x000045d4        0x8 contiki-sky.a(rimeaddr.o)
                0x000045d4                rimeaddr_null
 .text          0x000045dc       0x14 contiki-sky.a(csma.o)
                0x000045e2                csma_driver
 .text          0x000045f0       0x1c contiki-sky.a(contikimac.o)
                0x000045fc                contikimac_driver
 .text          0x0000460c        0xf contiki-sky.a(rpl-dag.o)
 .text          0x0000461b       0x1b contiki-sky.a(rpl-icmp6.o)
 .text          0x00004636        0xc contiki-sky.a(etimer.o)
 .text          0x00004642        0xf contiki-sky.a(ctimer.o)
 *fill*         0x00004651        0x1 00
 .text          0x00004652       0x24 contiki-sky.a(sicslowpan.o)
                0x00004652                unc_llconf
                0x00004656                unc_ctxconf
                0x0000465a                unc_mxconf
                0x0000465e                llprefix
                0x0000466c                sicslowpan_driver
 .text          0x00004676        0xd contiki-sky.a(tcpip.o)
 *fill*         0x00004683        0x1 00
 .text          0x00004684       0x20 contiki-sky.a(uip6.o)
 .text          0x000046a4        0xe contiki-sky.a(sht11-sensor.o)
                0x000046aa                sht11_sensor
 .text          0x000046b2        0xe contiki-sky.a(light-sensor.o)
                0x000046b8                light_sensor
 .text          0x000046c0       0x10 contiki-sky.a(battery-sensor.)
                0x000046c8                battery_sensor
 .text          0x000046d0       0x10 contiki-sky.a(button-sensor.o)
                0x000046d8                button_sensor
 .text          0x000046e0        0x8 contiki-sky.a(sensors.o)
 .text          0x000046e8       0x22 contiki-sky.a(cc2420.o)
                0x000046f6                cc2420_driver
 .text          0x0000470a        0x4 contiki-sky.a(framer-802154.o)
                0x0000470a                framer_802154
 .text          0x0000470e        0x2 contiki-sky.a(frame802154.o)
 .text          0x00004710       0x30 /usr/lib/gcc/msp430/4.5.3/../../../../msp430/lib/mmpy-16/libc.a(strncmp.o)
                0x00004710                strncmp
 .text          0x00004740       0x34 /usr/lib/gcc/msp430/4.5.3/../../../../msp430/lib/mmpy-16/libc.a(memcmp.o)
                0x00004740                memcmp
 .text          0x00004774      0x104 /usr/lib/gcc/msp430/4.5.3/../../../../msp430/lib/mmpy-16/libc.a(memcpy.o)
                0x00004774                memcpy
 .text          0x00004878      0x104 /usr/lib/gcc/msp430/4.5.3/../../../../msp430/lib/mmpy-16/libc.a(memmove.o)
                0x00004878                memmove
 .text          0x0000497c       0x66 /usr/lib/gcc/msp430/4.5.3/../../../../msp430/lib/mmpy-16/libc.a(memset.o)
                0x0000497c                memset
 .text          0x000049e2       0x20 /usr/lib/gcc/msp430/4.5.3/../../../../msp430/lib/mmpy-16/libc.a(printf.o)
                0x000049e2                printf
                0x000049f4                vprintf
 .text          0x00004a02       0xbc /usr/lib/gcc/msp430/4.5.3/../../../../msp430/lib/mmpy-16/libc.a(sprintf.o)
                0x00004a60                sprintf
                0x00004a7c                snprintf
                0x00004a96                vsprintf
                0x00004aac                vsnprintf
 .text          0x00004abe      0x476 /usr/lib/gcc/msp430/4.5.3/../../../../msp430/lib/mmpy-16/libc.a(vuprintf.o)
                0x00004bca                vuprintf
 .text          0x00004f34       0x2c /usr/lib/gcc/msp430/4.5.3/../../../../msp430/lib/mmpy-16/libc.a(puts.o)
                0x00004f34                puts
 .text          0x00004f60      0x134 /usr/lib/gcc/msp430/4.5.3/../../../../msp430/lib/mmpy-16/libc.a(rand.o)
                0x00004f60                rand_r
                0x00004ff4                rand
                0x0000508a                srand
                0x00005094                . = ALIGN (0x2)
 *(.text.*)
 .text.process_thread_udp_client_process
                0x00005094      0x1c6 udp-sender.co
 .text.collect_common_set_sink
                0x0000525a        0x2 udp-sender.co
                0x0000525a                collect_common_set_sink
 .text.collect_common_net_print
                0x0000525c        0x2 udp-sender.co
                0x0000525c                collect_common_net_print
 .text.collect_common_send
                0x0000525e      0x132 udp-sender.co
                0x0000525e                collect_common_send
 .text.collect_common_net_init
                0x00005390        0x2 udp-sender.co
                0x00005390                collect_common_net_init
 .text.process_thread_collect_common_process
                0x00005392      0x1de obj_sky/collect-common.o
 .text.rimeaddr_copy
                0x00005570        0x8 contiki-sky.a(rimeaddr.o)
                0x00005570                rimeaddr_copy
 .text.rimeaddr_cmp
                0x00005578       0x12 contiki-sky.a(rimeaddr.o)
                0x00005578                rimeaddr_cmp
 .text.rimeaddr_set_node_addr
                0x0000558a        0xc contiki-sky.a(rimeaddr.o)
                0x0000558a                rimeaddr_set_node_addr
 .text.input_packet
                0x00005596        0x6 contiki-sky.a(csma.o)
 .text.on       0x0000559c        0x6 contiki-sky.a(csma.o)
 .text.off      0x000055a2        0x6 contiki-sky.a(csma.o)
 .text.channel_check_interval
                0x000055a8        0xc contiki-sky.a(csma.o)
 .text.transmit_packet_list
                0x000055b4       0x24 contiki-sky.a(csma.o)
 .text.send_packet
                0x000055d8      0x166 contiki-sky.a(csma.o)
 .text.free_packet
                0x0000573e       0x94 contiki-sky.a(csma.o)
 .text.packet_sent
                0x000057d2      0x12a contiki-sky.a(csma.o)
 .text.init     0x000058fc       0x1a contiki-sky.a(csma.o)
 .text.on       0x00005916       0x16 contiki-sky.a(contikimac.o)
 .text.off      0x0000592c       0x1e contiki-sky.a(contikimac.o)
 .text.recv_burst_off
                0x0000594a        0xa contiki-sky.a(contikimac.o)
 .text.turn_off
                0x00005954       0x20 contiki-sky.a(contikimac.o)
 .text.duty_cycle
                0x00005974        0x6 contiki-sky.a(contikimac.o)
 .text.turn_on  0x0000597a       0x30 contiki-sky.a(contikimac.o)
 .text.schedule_powercycle_fixed
                0x000059aa       0x40 contiki-sky.a(contikimac.o)
 .text.powercycle_turn_radio_off
                0x000059ea       0x2c contiki-sky.a(contikimac.o)
 .text.powercycle
                0x00005a16      0x1c0 contiki-sky.a(contikimac.o)
 .text.input_packet
                0x00005bd6      0x108 contiki-sky.a(contikimac.o)
 .text.send_packet
                0x00005cde      0x2ba contiki-sky.a(contikimac.o)
 .text.qsend_list
                0x00005f98       0x86 contiki-sky.a(contikimac.o)
 .text.qsend_packet
                0x0000601e       0x28 contiki-sky.a(contikimac.o)
 .text.init     0x00006046       0x2e contiki-sky.a(contikimac.o)
 .text.send_packet
                0x00006074       0x44 contiki-sky.a(phase.o)
 .text.phase_update
                0x000060b8       0x90 contiki-sky.a(phase.o)
                0x000060b8                phase_update
 .text.phase_wait
                0x00006148      0x112 contiki-sky.a(phase.o)
                0x00006148                phase_wait
 .text.phase_init
                0x0000625a       0x14 contiki-sky.a(phase.o)
                0x0000625a                phase_init
 .text.lollipop_greater_than
                0x0000626e       0x44 contiki-sky.a(rpl-dag.o)
 .text.find_parent_any_dag_any_instance
                0x000062b2       0x14 contiki-sky.a(rpl-dag.o)
 .text.rpl_set_preferred_parent
                0x000062c6       0x30 contiki-sky.a(rpl-dag.o)
 .text.set_ip_from_prefix
                0x000062f6       0x3a contiki-sky.a(rpl-dag.o)
 .text.check_prefix
                0x00006330       0x7c contiki-sky.a(rpl-dag.o)
 .text.rpl_dag_init
                0x000063ac        0xe contiki-sky.a(rpl-dag.o)
                0x000063ac                rpl_dag_init
 .text.rpl_get_parent_rank
                0x000063ba       0x14 contiki-sky.a(rpl-dag.o)
                0x000063ba                rpl_get_parent_rank
 .text.rpl_get_parent_ipaddr
                0x000063ce       0x10 contiki-sky.a(rpl-dag.o)
                0x000063ce                rpl_get_parent_ipaddr
 .text.rpl_set_prefix
                0x000063de       0x90 contiki-sky.a(rpl-dag.o)
                0x000063de                rpl_set_prefix
 .text.rpl_set_default_route
                0x0000646e       0x62 contiki-sky.a(rpl-dag.o)
                0x0000646e                rpl_set_default_route
 .text.rpl_alloc_instance
                0x000064d0       0x2c contiki-sky.a(rpl-dag.o)
                0x000064d0                rpl_alloc_instance
 .text.rpl_add_parent
                0x000064fc       0x38 contiki-sky.a(rpl-dag.o)
                0x000064fc                rpl_add_parent
 .text.rpl_find_parent
                0x00006534       0x1a contiki-sky.a(rpl-dag.o)
                0x00006534                rpl_find_parent
 .text.rpl_find_parent_any_dag
                0x0000654e       0x26 contiki-sky.a(rpl-dag.o)
                0x0000654e                rpl_find_parent_any_dag
 .text.rpl_select_parent
                0x00006574       0x5c contiki-sky.a(rpl-dag.o)
                0x00006574                rpl_select_parent
 .text.rpl_select_dag
                0x000065d0      0x1b4 contiki-sky.a(rpl-dag.o)
                0x000065d0                rpl_select_dag
 .text.rpl_nullify_parent
                0x00006784       0x4e contiki-sky.a(rpl-dag.o)
                0x00006784                rpl_nullify_parent
 .text.rpl_remove_parent
                0x000067d2       0x16 contiki-sky.a(rpl-dag.o)
                0x000067d2                rpl_remove_parent
 .text.remove_parents.clone.2
                0x000067e8       0x32 contiki-sky.a(rpl-dag.o)
 .text.rpl_free_dag
                0x0000681a       0x36 contiki-sky.a(rpl-dag.o)
                0x0000681a                rpl_free_dag
 .text.rpl_free_instance
                0x00006850       0x5c contiki-sky.a(rpl-dag.o)
                0x00006850                rpl_free_instance
 .text.rpl_move_parent
                0x000068ac       0x6e contiki-sky.a(rpl-dag.o)
                0x000068ac                rpl_move_parent
 .text.rpl_get_any_dag
                0x0000691a       0x18 contiki-sky.a(rpl-dag.o)
                0x0000691a                rpl_get_any_dag
 .text.rpl_get_instance
                0x00006932       0x16 contiki-sky.a(rpl-dag.o)
                0x00006932                rpl_get_instance
 .text.get_dag  0x00006948       0x5c contiki-sky.a(rpl-dag.o)
 .text.rpl_alloc_dag
                0x000069a4       0x6a contiki-sky.a(rpl-dag.o)
                0x000069a4                rpl_alloc_dag
 .text.rpl_repair_root
                0x00006a0e       0x4c contiki-sky.a(rpl-dag.o)
                0x00006a0e                rpl_repair_root
 .text.rpl_find_of
                0x00006a5a       0x10 contiki-sky.a(rpl-dag.o)
                0x00006a5a                rpl_find_of
 .text.rpl_join_instance
                0x00006a6a      0x142 contiki-sky.a(rpl-dag.o)
                0x00006a6a                rpl_join_instance
 .text.rpl_local_repair
                0x00006bac       0x7a contiki-sky.a(rpl-dag.o)
                0x00006bac                rpl_local_repair
 .text.rpl_process_parent_event
                0x00006c26       0x88 contiki-sky.a(rpl-dag.o)
                0x00006c26                rpl_process_parent_event
 .text.rpl_recalculate_ranks
                0x00006cae       0x42 contiki-sky.a(rpl-dag.o)
                0x00006cae                rpl_recalculate_ranks
 .text.rpl_add_dag
                0x00006cf0      0x116 contiki-sky.a(rpl-dag.o)
                0x00006cf0                rpl_add_dag
 .text.rpl_process_dio
                0x00006e06      0x27a contiki-sky.a(rpl-dag.o)
                0x00006e06                rpl_process_dio
 .text.get32    0x00007080       0x46 contiki-sky.a(rpl-icmp6.o)
 .text.set32    0x000070c6       0x3c contiki-sky.a(rpl-icmp6.o)
 .text.get16    0x00007102        0xe contiki-sky.a(rpl-icmp6.o)
 .text.set16    0x00007110       0x10 contiki-sky.a(rpl-icmp6.o)
 .text.dis_output
                0x00007120       0x58 contiki-sky.a(rpl-icmp6.o)
                0x00007120                dis_output
 .text.dio_output
                0x00007178      0x2a6 contiki-sky.a(rpl-icmp6.o)
                0x00007178                dio_output
 .text.dao_output_target
                0x0000741e       0xe6 contiki-sky.a(rpl-icmp6.o)
                0x0000741e                dao_output_target
 .text.dao_output
                0x00007504       0x7a contiki-sky.a(rpl-icmp6.o)
                0x00007504                dao_output
 .text.dao_ack_output
                0x0000757e       0x44 contiki-sky.a(rpl-icmp6.o)
                0x0000757e                dao_ack_output
 .text.uip_rpl_input
                0x000075c2      0x556 contiki-sky.a(rpl-icmp6.o)
                0x000075c2                uip_rpl_input
 .text.new_dio_interval
                0x00007b18       0xb8 contiki-sky.a(rpl-timers.o)
 .text.handle_dao_timer
                0x00007bd0       0x50 contiki-sky.a(rpl-timers.o)
 .text.handle_dio_timer
                0x00007c20       0x82 contiki-sky.a(rpl-timers.o)
 .text.handle_periodic_timer
                0x00007ca2       0x2e contiki-sky.a(rpl-timers.o)
 .text.rpl_reset_periodic_timer
                0x00007cd0       0x56 contiki-sky.a(rpl-timers.o)
                0x00007cd0                rpl_reset_periodic_timer
 .text.rpl_reset_dio_timer
                0x00007d26       0x18 contiki-sky.a(rpl-timers.o)
                0x00007d26                rpl_reset_dio_timer
 .text.rpl_schedule_dao
                0x00007d3e       0x48 contiki-sky.a(rpl-timers.o)
                0x00007d3e                rpl_schedule_dao
 .text.call_process
                0x00007d86       0x4c contiki-sky.a(process.o)
 .text.exit_process
                0x00007dd2       0x94 contiki-sky.a(process.o)
 .text.do_poll  0x00007e66       0x30 contiki-sky.a(process.o)
 .text.process_alloc_event
                0x00007e96        0xe contiki-sky.a(process.o)
                0x00007e96                process_alloc_event
 .text.process_init
                0x00007ea4       0x1c contiki-sky.a(process.o)
                0x00007ea4                process_init
 .text.process_run
                0x00007ec0       0x9c contiki-sky.a(process.o)
                0x00007ec0                process_run
 .text.process_nevents
                0x00007f5c        0xc contiki-sky.a(process.o)
                0x00007f5c                process_nevents
 .text.process_post
                0x00007f68       0x54 contiki-sky.a(process.o)
                0x00007f68                process_post
 .text.process_post_synch
                0x00007fbc       0x12 contiki-sky.a(process.o)
                0x00007fbc                process_post_synch
 .text.process_start
                0x00007fce       0x32 contiki-sky.a(process.o)
                0x00007fce                process_start
 .text.process_poll
                0x00008000       0x1a contiki-sky.a(process.o)
                0x00008000                process_poll
 .text.autostart_start
                0x0000801a       0x18 contiki-sky.a(autostart.o)
                0x0000801a                autostart_start
 .text.compower_accumulate
                0x00008032       0x72 contiki-sky.a(compower.o)
                0x00008032                compower_accumulate
 .text.compower_clear
                0x000080a4       0x12 contiki-sky.a(compower.o)
                0x000080a4                compower_clear
 .text.compower_attrconv
                0x000080b6       0x10 contiki-sky.a(compower.o)
                0x000080b6                compower_attrconv
 .text.memb_init
                0x000080c6       0x36 contiki-sky.a(memb.o)
                0x000080c6                memb_init
 .text.memb_alloc
                0x000080fc       0x3e contiki-sky.a(memb.o)
                0x000080fc                memb_alloc
 .text.memb_free
                0x0000813a       0x3a contiki-sky.a(memb.o)
                0x0000813a                memb_free
 .text.memb_inmemb
                0x00008174       0x2e contiki-sky.a(memb.o)
                0x00008174                memb_inmemb
 .text.timer_set
                0x000081a2       0x1c contiki-sky.a(timer.o)
                0x000081a2                timer_set
 .text.timer_reset
                0x000081be        0xe contiki-sky.a(timer.o)
                0x000081be                timer_reset
 .text.timer_restart
                0x000081cc       0x14 contiki-sky.a(timer.o)
                0x000081cc                timer_restart
 .text.timer_expired
                0x000081e0       0x2e contiki-sky.a(timer.o)
                0x000081e0                timer_expired
 .text.list_init
                0x0000820e        0x6 contiki-sky.a(list.o)
                0x0000820e                list_init
 .text.list_head
                0x00008214        0x4 contiki-sky.a(list.o)
                0x00008214                list_head
 .text.list_tail
                0x00008218       0x14 contiki-sky.a(list.o)
                0x00008218                list_tail
 .text.list_remove
                0x0000822c       0x2e contiki-sky.a(list.o)
                0x0000822c                list_remove
 .text.list_push
                0x0000825a       0x1a contiki-sky.a(list.o)
                0x0000825a                list_push
 .text.list_add
                0x00008274       0x2a contiki-sky.a(list.o)
                0x00008274                list_add
 .text.list_length
                0x0000829e       0x10 contiki-sky.a(list.o)
                0x0000829e                list_length
 .text.list_item_next
                0x000082ae        0x8 contiki-sky.a(list.o)
                0x000082ae                list_item_next
 .text.update_time
                0x000082b6       0x78 contiki-sky.a(etimer.o)
 .text.etimer_request_poll
                0x0000832e        0xa contiki-sky.a(etimer.o)
                0x0000832e                etimer_request_poll
 .text.process_thread_etimer_process
                0x00008338       0xce contiki-sky.a(etimer.o)
 .text.add_timer
                0x00008406       0x40 contiki-sky.a(etimer.o)
 .text.etimer_set
                0x00008446       0x12 contiki-sky.a(etimer.o)
                0x00008446                etimer_set
 .text.etimer_reset
                0x00008458       0x12 contiki-sky.a(etimer.o)
                0x00008458                etimer_reset
 .text.etimer_restart
                0x0000846a       0x12 contiki-sky.a(etimer.o)
                0x0000846a                etimer_restart
 .text.etimer_expired
                0x0000847c        0xe contiki-sky.a(etimer.o)
                0x0000847c                etimer_expired
 .text.etimer_expiration_time
                0x0000848a       0x14 contiki-sky.a(etimer.o)
                0x0000848a                etimer_expiration_time
 .text.etimer_pending
                0x0000849e        0xe contiki-sky.a(etimer.o)
                0x0000849e                etimer_pending
 .text.etimer_next_expiration_time
                0x000084ac       0x16 contiki-sky.a(etimer.o)
                0x000084ac                etimer_next_expiration_time
 .text.etimer_stop
                0x000084c2       0x3c contiki-sky.a(etimer.o)
                0x000084c2                etimer_stop
 .text.process_thread_ctimer_process
                0x000084fe       0xa4 contiki-sky.a(ctimer.o)
 .text.ctimer_init
                0x000085a2       0x18 contiki-sky.a(ctimer.o)
                0x000085a2                ctimer_init
 .text.ctimer_set
                0x000085ba       0x5a contiki-sky.a(ctimer.o)
                0x000085ba                ctimer_set
 .text.ctimer_reset
                0x00008614       0x3a contiki-sky.a(ctimer.o)
                0x00008614                ctimer_reset
 .text.ctimer_stop
                0x0000864e       0x28 contiki-sky.a(ctimer.o)
                0x0000864e                ctimer_stop
 .text.energest_init
                0x00008676       0x2a contiki-sky.a(energest.o)
                0x00008676                energest_init
 .text.energest_type_time
                0x000086a0       0x44 contiki-sky.a(energest.o)
                0x000086a0                energest_type_time
 .text.energest_type_set
                0x000086e4        0xe contiki-sky.a(energest.o)
                0x000086e4                energest_type_set
 .text.energest_flush
                0x000086f2       0x4a contiki-sky.a(energest.o)
                0x000086f2                energest_flush
 .text.rtimer_init
                0x0000873c        0x6 contiki-sky.a(rtimer.o)
                0x0000873c                rtimer_init
 .text.rtimer_set
                0x00008742       0x24 contiki-sky.a(rtimer.o)
                0x00008742                rtimer_set
 .text.rtimer_run_next
                0x00008766       0x26 contiki-sky.a(rtimer.o)
                0x00008766                rtimer_run_next
 .text.stimer_set
                0x0000878c       0x1c contiki-sky.a(stimer.o)
                0x0000878c                stimer_set
 .text.stimer_expired
                0x000087a8       0x42 contiki-sky.a(stimer.o)
                0x000087a8                stimer_expired
 .text.random_init
                0x000087ea        0x6 contiki-sky.a(random.o)
                0x000087ea                random_init
 .text.random_rand
                0x000087f0        0x6 contiki-sky.a(random.o)
                0x000087f0                random_rand
 .text.index_from_key
                0x000087f6       0xb4 contiki-sky.a(nbr-table.o)
 .text.item_from_key
                0x000088aa       0x38 contiki-sky.a(nbr-table.o)
 .text.key_from_item
                0x000088e2       0x3a contiki-sky.a(nbr-table.o)
 .text.nbr_set_bit
                0x0000891c       0x6e contiki-sky.a(nbr-table.o)
 .text.index_from_lladdr
                0x0000898a       0x42 contiki-sky.a(nbr-table.o)
 .text.nbr_get_bit.clone.0
                0x000089cc       0x40 contiki-sky.a(nbr-table.o)
 .text.nbr_table_register
                0x00008a0c       0x26 contiki-sky.a(nbr-table.o)
                0x00008a0c                nbr_table_register
 .text.nbr_table_next
                0x00008a32       0x36 contiki-sky.a(nbr-table.o)
                0x00008a32                nbr_table_next
 .text.nbr_table_head
                0x00008a68       0x36 contiki-sky.a(nbr-table.o)
                0x00008a68                nbr_table_head
 .text.nbr_table_add_lladdr
                0x00008a9e      0x13e contiki-sky.a(nbr-table.o)
                0x00008a9e                nbr_table_add_lladdr
 .text.nbr_table_get_from_lladdr
                0x00008bdc       0x4c contiki-sky.a(nbr-table.o)
                0x00008bdc                nbr_table_get_from_lladdr
 .text.nbr_table_remove
                0x00008c28       0x32 contiki-sky.a(nbr-table.o)
                0x00008c28                nbr_table_remove
 .text.nbr_table_lock
                0x00008c5a       0x10 contiki-sky.a(nbr-table.o)
                0x00008c5a                nbr_table_lock
 .text.nbr_table_unlock
                0x00008c6a       0x10 contiki-sky.a(nbr-table.o)
                0x00008c6a                nbr_table_unlock
 .text.nbr_table_get_lladdr
                0x00008c7a        0xc contiki-sky.a(nbr-table.o)
                0x00008c7a                nbr_table_get_lladdr
 .text.packetbuf_copyto_hdr
                0x00008c86       0x1c contiki-sky.a(packetbuf.o)
                0x00008c86                packetbuf_copyto_hdr
 .text.packetbuf_copyto
                0x00008ca2       0x52 contiki-sky.a(packetbuf.o)
                0x00008ca2                packetbuf_copyto
 .text.packetbuf_hdr_remove
                0x00008cf4        0x6 contiki-sky.a(packetbuf.o)
                0x00008cf4                packetbuf_hdr_remove
 .text.packetbuf_hdrreduce
                0x00008cfa       0x1a contiki-sky.a(packetbuf.o)
                0x00008cfa                packetbuf_hdrreduce
 .text.packetbuf_set_datalen
                0x00008d14        0x6 contiki-sky.a(packetbuf.o)
                0x00008d14                packetbuf_set_datalen
 .text.packetbuf_dataptr
                0x00008d1a        0xa contiki-sky.a(packetbuf.o)
                0x00008d1a                packetbuf_dataptr
 .text.packetbuf_hdrptr
                0x00008d24        0xa contiki-sky.a(packetbuf.o)
                0x00008d24                packetbuf_hdrptr
 .text.packetbuf_is_reference
                0x00008d2e        0xe contiki-sky.a(packetbuf.o)
                0x00008d2e                packetbuf_is_reference
 .text.packetbuf_compact
                0x00008d3c       0x48 contiki-sky.a(packetbuf.o)
                0x00008d3c                packetbuf_compact
 .text.packetbuf_reference_ptr
                0x00008d84        0x6 contiki-sky.a(packetbuf.o)
                0x00008d84                packetbuf_reference_ptr
 .text.packetbuf_datalen
                0x00008d8a        0x6 contiki-sky.a(packetbuf.o)
                0x00008d8a                packetbuf_datalen
 .text.packetbuf_totlen
                0x00008d90       0x10 contiki-sky.a(packetbuf.o)
                0x00008d90                packetbuf_totlen
 .text.packetbuf_hdralloc
                0x00008da0       0x2e contiki-sky.a(packetbuf.o)
                0x00008da0                packetbuf_hdralloc
 .text.packetbuf_attr_clear
                0x00008dce       0x32 contiki-sky.a(packetbuf.o)
                0x00008dce                packetbuf_attr_clear
 .text.packetbuf_clear
                0x00008e00       0x20 contiki-sky.a(packetbuf.o)
                0x00008e00                packetbuf_clear
 .text.packetbuf_copyfrom
                0x00008e20       0x2e contiki-sky.a(packetbuf.o)
                0x00008e20                packetbuf_copyfrom
 .text.packetbuf_attr_copyto
                0x00008e4e       0x22 contiki-sky.a(packetbuf.o)
                0x00008e4e                packetbuf_attr_copyto
 .text.packetbuf_attr_copyfrom
                0x00008e70       0x24 contiki-sky.a(packetbuf.o)
                0x00008e70                packetbuf_attr_copyfrom
 .text.queuebuf_init
                0x00008e94       0x1a contiki-sky.a(queuebuf.o)
                0x00008e94                queuebuf_init
 .text.queuebuf_new_from_packetbuf
                0x00008eae       0x80 contiki-sky.a(queuebuf.o)
                0x00008eae                queuebuf_new_from_packetbuf
 .text.queuebuf_update_attr_from_packetbuf
                0x00008f2e       0x12 contiki-sky.a(queuebuf.o)
                0x00008f2e                queuebuf_update_attr_from_packetbuf
 .text.queuebuf_free
                0x00008f40       0x46 contiki-sky.a(queuebuf.o)
                0x00008f40                queuebuf_free
 .text.queuebuf_to_packetbuf
                0x00008f86       0x70 contiki-sky.a(queuebuf.o)
                0x00008f86                queuebuf_to_packetbuf
 .text.queuebuf_attr
                0x00008ff6        0xe contiki-sky.a(queuebuf.o)
                0x00008ff6                queuebuf_attr
 .text.set_packet_attrs
                0x00009004       0x44 contiki-sky.a(sicslowpan.o)
 .text.addr_context_lookup_by_number
                0x00009048       0x36 contiki-sky.a(sicslowpan.o)
 .text.compress_addr_64
                0x0000907e       0x92 contiki-sky.a(sicslowpan.o)
 .text.uncompress_addr
                0x00009110       0xae contiki-sky.a(sicslowpan.o)
 .text.input    0x000091be      0x646 contiki-sky.a(sicslowpan.o)
 .text.sicslowpan_init
                0x00009804       0x26 contiki-sky.a(sicslowpan.o)
                0x00009804                sicslowpan_init
 .text.addr_context_lookup_by_prefix
                0x0000982a       0x4c contiki-sky.a(sicslowpan.o)
 .text.send_packet
                0x00009876       0x1a contiki-sky.a(sicslowpan.o)
 .text.output   0x00009890      0x6ea contiki-sky.a(sicslowpan.o)
 .text.packet_sent
                0x00009f7a       0x22 contiki-sky.a(sicslowpan.o)
 .text.start_periodic_tcp_timer
                0x00009f9c       0x16 contiki-sky.a(tcpip.o)
 .text.tcpip_output
                0x00009fb2       0x10 contiki-sky.a(tcpip.o)
                0x00009fb2                tcpip_output
 .text.tcpip_set_outputfunc
                0x00009fc2        0x6 contiki-sky.a(tcpip.o)
                0x00009fc2                tcpip_set_outputfunc
 .text.udp_new  0x00009fc8       0x1a contiki-sky.a(tcpip.o)
                0x00009fc8                udp_new
 .text.tcpip_input
                0x00009fe2       0x16 contiki-sky.a(tcpip.o)
                0x00009fe2                tcpip_input
 .text.tcpip_ipv6_output
                0x00009ff8      0x166 contiki-sky.a(tcpip.o)
                0x00009ff8                tcpip_ipv6_output
 .text.process_thread_tcpip_process
                0x0000a15e      0x1d8 contiki-sky.a(tcpip.o)
 .text.tcpip_uipcall
                0x0000a336       0x7c contiki-sky.a(tcpip.o)
                0x0000a336                tcpip_uipcall
 .text.call_route_callback
                0x0000a3b2       0x54 contiki-sky.a(uip-ds6-route.o)
 .text.uip_ds6_route_init
                0x0000a406       0x2e contiki-sky.a(uip-ds6-route.o)
                0x0000a406                uip_ds6_route_init
 .text.uip_ds6_route_nexthop
                0x0000a434       0x16 contiki-sky.a(uip-ds6-route.o)
                0x0000a434                uip_ds6_route_nexthop
 .text.uip_ds6_route_head
                0x0000a44a       0x26 contiki-sky.a(uip-ds6-route.o)
                0x0000a44a                uip_ds6_route_head
 .text.uip_ds6_route_next
                0x0000a470       0x3a contiki-sky.a(uip-ds6-route.o)
                0x0000a470                uip_ds6_route_next
 .text.uip_ds6_route_lookup
                0x0000a4aa       0x5a contiki-sky.a(uip-ds6-route.o)
                0x0000a4aa                uip_ds6_route_lookup
 .text.uip_ds6_route_add
                0x0000a504       0xba contiki-sky.a(uip-ds6-route.o)
                0x0000a504                uip_ds6_route_add
 .text.uip_ds6_route_rm
                0x0000a5be       0x60 contiki-sky.a(uip-ds6-route.o)
                0x0000a5be                uip_ds6_route_rm
 .text.rm_routelist
                0x0000a61e       0x30 contiki-sky.a(uip-ds6-route.o)
 .text.rm_routelist_callback
                0x0000a64e        0x6 contiki-sky.a(uip-ds6-route.o)
 .text.uip_ds6_defrt_rm
                0x0000a654       0x48 contiki-sky.a(uip-ds6-route.o)
                0x0000a654                uip_ds6_defrt_rm
 .text.uip_ds6_defrt_lookup
                0x0000a69c       0x36 contiki-sky.a(uip-ds6-route.o)
                0x0000a69c                uip_ds6_defrt_lookup
 .text.uip_ds6_defrt_add
                0x0000a6d2       0x74 contiki-sky.a(uip-ds6-route.o)
                0x0000a6d2                uip_ds6_defrt_add
 .text.uip_ds6_defrt_choose
                0x0000a746       0x3a contiki-sky.a(uip-ds6-route.o)
                0x0000a746                uip_ds6_defrt_choose
 .text.uip_ds6_defrt_periodic
                0x0000a780       0x38 contiki-sky.a(uip-ds6-route.o)
                0x0000a780                uip_ds6_defrt_periodic
 .text.uip_ds6_nbr_rm
                0x0000a7b8       0x1a contiki-sky.a(uip-ds6-nbr.o)
                0x0000a7b8                uip_ds6_nbr_rm
 .text.uip_ds6_neighbors_init
                0x0000a7d2        0xe contiki-sky.a(uip-ds6-nbr.o)
                0x0000a7d2                uip_ds6_neighbors_init
 .text.uip_ds6_nbr_add
                0x0000a7e0       0x60 contiki-sky.a(uip-ds6-nbr.o)
                0x0000a7e0                uip_ds6_nbr_add
 .text.uip_ds6_nbr_get_ll
                0x0000a840        0xc contiki-sky.a(uip-ds6-nbr.o)
                0x0000a840                uip_ds6_nbr_get_ll
 .text.uip_ds6_nbr_lookup
                0x0000a84c       0x40 contiki-sky.a(uip-ds6-nbr.o)
                0x0000a84c                uip_ds6_nbr_lookup
 .text.uip_ds6_nbr_ll_lookup
                0x0000a88c        0xc contiki-sky.a(uip-ds6-nbr.o)
                0x0000a88c                uip_ds6_nbr_ll_lookup
 .text.uip_ds6_nbr_ipaddr_from_lladdr
                0x0000a898        0x6 contiki-sky.a(uip-ds6-nbr.o)
                0x0000a898                uip_ds6_nbr_ipaddr_from_lladdr
 .text.uip_ds6_nbr_lladdr_from_ipaddr
                0x0000a89e       0x10 contiki-sky.a(uip-ds6-nbr.o)
                0x0000a89e                uip_ds6_nbr_lladdr_from_ipaddr
 .text.uip_ds6_link_neighbor_callback
                0x0000a8ae       0x2a contiki-sky.a(uip-ds6-nbr.o)
                0x0000a8ae                uip_ds6_link_neighbor_callback
 .text.uip_ds6_neighbor_periodic
                0x0000a8d8      0x114 contiki-sky.a(uip-ds6-nbr.o)
                0x0000a8d8                uip_ds6_neighbor_periodic
 .text.uip_ds6_list_loop
                0x0000a9ec       0x82 contiki-sky.a(uip-ds6.o)
                0x0000a9ec                uip_ds6_list_loop
 .text.uip_ds6_prefix_add
                0x0000aa6e       0x80 contiki-sky.a(uip-ds6.o)
                0x0000aa6e                uip_ds6_prefix_add
 .text.uip_ds6_is_addr_onlink
                0x0000aaee       0x50 contiki-sky.a(uip-ds6.o)
                0x0000aaee                uip_ds6_is_addr_onlink
 .text.uip_ds6_addr_lookup
                0x0000ab3e       0x2a contiki-sky.a(uip-ds6.o)
                0x0000ab3e                uip_ds6_addr_lookup
 .text.uip_ds6_get_link_local
                0x0000ab68       0x3e contiki-sky.a(uip-ds6.o)
                0x0000ab68                uip_ds6_get_link_local
 .text.uip_ds6_maddr_add
                0x0000aba6       0x4c contiki-sky.a(uip-ds6.o)
                0x0000aba6                uip_ds6_maddr_add
 .text.uip_ds6_addr_add
                0x0000abf2       0xca contiki-sky.a(uip-ds6.o)
                0x0000abf2                uip_ds6_addr_add
 .text.uip_ds6_maddr_lookup
                0x0000acbc       0x2a contiki-sky.a(uip-ds6.o)
                0x0000acbc                uip_ds6_maddr_lookup
 .text.uip_ds6_addr_rm
                0x0000ace6       0x54 contiki-sky.a(uip-ds6.o)
                0x0000ace6                uip_ds6_addr_rm
 .text.uip_ds6_periodic
                0x0000ad3a       0x4a contiki-sky.a(uip-ds6.o)
                0x0000ad3a                uip_ds6_periodic
 .text.uip_ds6_set_addr_iid
                0x0000ad84       0x14 contiki-sky.a(uip-ds6.o)
                0x0000ad84                uip_ds6_set_addr_iid
 .text.get_match_length
                0x0000ad98       0x46 contiki-sky.a(uip-ds6.o)
                0x0000ad98                get_match_length
 .text.uip_ds6_select_src
                0x0000adde       0xaa contiki-sky.a(uip-ds6.o)
                0x0000adde                uip_ds6_select_src
 .text.uip_ds6_compute_reachable_time
                0x0000ae88       0x4a contiki-sky.a(uip-ds6.o)
                0x0000ae88                uip_ds6_compute_reachable_time
 .text.uip_ds6_init
                0x0000aed2      0x15a contiki-sky.a(uip-ds6.o)
                0x0000aed2                uip_ds6_init
 .text.uip_icmp6_echo_request_input
                0x0000b02c      0x122 contiki-sky.a(uip-icmp6.o)
                0x0000b02c                uip_icmp6_echo_request_input
 .text.uip_icmp6_error_output
                0x0000b14e      0x16a contiki-sky.a(uip-icmp6.o)
                0x0000b14e                uip_icmp6_error_output
 .text.uip_icmp6_send
                0x0000b2b8       0x94 contiki-sky.a(uip-icmp6.o)
                0x0000b2b8                uip_icmp6_send
 .text.create_llao
                0x0000b34c       0x2c contiki-sky.a(uip-nd6.o)
 .text.uip_nd6_ns_input
                0x0000b378      0x236 contiki-sky.a(uip-nd6.o)
                0x0000b378                uip_nd6_ns_input
 .text.uip_nd6_ns_output
                0x0000b5ae      0x16c contiki-sky.a(uip-nd6.o)
                0x0000b5ae                uip_nd6_ns_output
 .text.uip_nd6_na_input
                0x0000b71a      0x1b8 contiki-sky.a(uip-nd6.o)
                0x0000b71a                uip_nd6_na_input
 .text.uip_udp_packet_send
                0x0000b8d2       0x2e contiki-sky.a(uip-udp-packet.)
                0x0000b8d2                uip_udp_packet_send
 .text.uip_udp_packet_sendto
                0x0000b900       0x66 contiki-sky.a(uip-udp-packet.)
                0x0000b900                uip_udp_packet_sendto
 .text.chksum   0x0000b966       0x34 contiki-sky.a(uip6.o)
 .text.upper_layer_chksum
                0x0000b99a       0x54 contiki-sky.a(uip6.o)
 .text.ext_hdr_options_process
                0x0000b9ee       0xe0 contiki-sky.a(uip6.o)
 .text.uip_add32
                0x0000bace       0x72 contiki-sky.a(uip6.o)
                0x0000bace                uip_add32
 .text.uip_add_rcv_nxt
                0x0000bb40       0x2e contiki-sky.a(uip6.o)
 .text.uip_icmp6chksum
                0x0000bb6e        0xa contiki-sky.a(uip6.o)
                0x0000bb6e                uip_icmp6chksum
 .text.uip_tcpchksum
                0x0000bb78        0xa contiki-sky.a(uip6.o)
                0x0000bb78                uip_tcpchksum
 .text.uip_udpchksum
                0x0000bb82        0xa contiki-sky.a(uip6.o)
                0x0000bb82                uip_udpchksum
 .text.uip_init
                0x0000bb8c       0x6c contiki-sky.a(uip6.o)
                0x0000bb8c                uip_init
 .text.remove_ext_hdr
                0x0000bbf8       0x58 contiki-sky.a(uip6.o)
                0x0000bbf8                remove_ext_hdr
 .text.uip_udp_new
                0x0000bc50       0xee contiki-sky.a(uip6.o)
                0x0000bc50                uip_udp_new
 .text.uip_unlisten
                0x0000bd3e       0x32 contiki-sky.a(uip6.o)
                0x0000bd3e                uip_unlisten
 .text.uip_process
                0x0000bd70      0xece contiki-sky.a(uip6.o)
                0x0000bd70                uip_process
 .text.uip_htonl
                0x0000cc3e       0x3e contiki-sky.a(uip6.o)
                0x0000cc3e                uip_htonl
 .text.collect_view_construct_message
                0x0000cc7c      0x15a contiki-sky.a(collect-view.o)
                0x0000cc7c                collect_view_construct_message
 .text.collect_view_arch_read_sensors
                0x0000cdd6       0x98 contiki-sky.a(collect-view-sk)
                0x0000cdd6                collect_view_arch_read_sensors
 .text.init_platform
                0x0000ce6e        0xc contiki-sky.a(contiki-sky-pla)
                0x0000ce6e                init_platform
 .text.status   0x0000ce7a       0x1a contiki-sky.a(sht11-sensor.o)
 .text.configure
                0x0000ce94       0x40 contiki-sky.a(sht11-sensor.o)
 .text.value    0x0000ced4       0x30 contiki-sky.a(sht11-sensor.o)
 .text.value    0x0000cf04       0x1a contiki-sky.a(light-sensor.o)
 .text.status   0x0000cf1e        0xc contiki-sky.a(light-sensor.o)
 .text.configure
                0x0000cf2a       0x10 contiki-sky.a(light-sensor.o)
 .text.value    0x0000cf3a        0x6 contiki-sky.a(battery-sensor.)
 .text.status   0x0000cf40        0xc contiki-sky.a(battery-sensor.)
 .text.configure
                0x0000cf4c       0x12 contiki-sky.a(battery-sensor.)
 .text.status   0x0000cf5e       0x16 contiki-sky.a(button-sensor.o)
 .text.configure
                0x0000cf74       0x4a contiki-sky.a(button-sensor.o)
 .text.value    0x0000cfbe       0x26 contiki-sky.a(button-sensor.o)
 .text.irq_p2   0x0000cfe4       0x92 contiki-sky.a(button-sensor.o)
                0x0000cfe4                irq_p2
                0x0000cfe4                __isr_1
 .text.crc8_add
                0x0000d076       0x1a contiki-sky.a(ds2411.o)
 .text.owreadb  0x0000d090       0x56 contiki-sky.a(ds2411.o)
 .text.ds2411_init
                0x0000d0e6      0x10a contiki-sky.a(ds2411.o)
                0x0000d0e6                ds2411_init
 .text.wait_ready
                0x0000d1f0       0x4e contiki-sky.a(xmem.o)
 .text.xmem_init
                0x0000d23e       0x3c contiki-sky.a(xmem.o)
                0x0000d23e                xmem_init
 .text.xmem_pread
                0x0000d27a       0xdc contiki-sky.a(xmem.o)
                0x0000d27a                xmem_pread
 .text.node_id_restore
                0x0000d356       0x38 contiki-sky.a(node-id.o)
                0x0000d356                node_id_restore
 .text.get_sensor_index
                0x0000d38e       0x22 contiki-sky.a(sensors.o)
 .text.process_thread_sensors_process
                0x0000d3b0       0xc2 contiki-sky.a(sensors.o)
 .text.sensors_changed
                0x0000d472       0x14 contiki-sky.a(sensors.o)
                0x0000d472                sensors_changed
 .text.strobe   0x0000d486       0x1e contiki-sky.a(cc2420.o)
 .text.status   0x0000d4a4       0x24 contiki-sky.a(cc2420.o)
 .text.getreg   0x0000d4c8       0x50 contiki-sky.a(cc2420.o)
 .text.setreg   0x0000d518       0x48 contiki-sky.a(cc2420.o)
 .text.set_txpower
                0x0000d560       0x2a contiki-sky.a(cc2420.o)
 .text.cc2420_receiving_packet
                0x0000d58a       0x10 contiki-sky.a(cc2420.o)
 .text.pending_packet
                0x0000d59a        0x8 contiki-sky.a(cc2420.o)
 .text.on       0x0000d5a2       0x46 contiki-sky.a(cc2420.o)
 .text.flushrx  0x0000d5e8       0x74 contiki-sky.a(cc2420.o)
 .text.off      0x0000d65c       0x78 contiki-sky.a(cc2420.o)
 .text.RELEASE_LOCK
                0x0000d6d4       0x28 contiki-sky.a(cc2420.o)
 .text.cc2420_prepare
                0x0000d6fc       0x82 contiki-sky.a(cc2420.o)
 .text.cc2420_on
                0x0000d77e       0x22 contiki-sky.a(cc2420.o)
                0x0000d77e                cc2420_on
 .text.cc2420_off
                0x0000d7a0       0x30 contiki-sky.a(cc2420.o)
                0x0000d7a0                cc2420_off
 .text.cc2420_cca
                0x0000d7d0       0x7a contiki-sky.a(cc2420.o)
 .text.getrxdata
                0x0000d84a       0x4e contiki-sky.a(cc2420.o)
 .text.cc2420_read
                0x0000d898       0xe6 contiki-sky.a(cc2420.o)
 .text.process_thread_cc2420_process
                0x0000d97e       0x50 contiki-sky.a(cc2420.o)
 .text.cc2420_set_channel
                0x0000d9ce       0x7a contiki-sky.a(cc2420.o)
                0x0000d9ce                cc2420_set_channel
 .text.cc2420_set_pan_addr
                0x0000da48      0x13a contiki-sky.a(cc2420.o)
                0x0000da48                cc2420_set_pan_addr
 .text.cc2420_init
                0x0000db82       0xd4 contiki-sky.a(cc2420.o)
                0x0000db82                cc2420_init
 .text.cc2420_interrupt
                0x0000dc56       0x20 contiki-sky.a(cc2420.o)
                0x0000dc56                cc2420_interrupt
 .text.cc2420_get_txpower
                0x0000dc76       0x1e contiki-sky.a(cc2420.o)
                0x0000dc76                cc2420_get_txpower
 .text.cc2420_transmit
                0x0000dc94      0x1a4 contiki-sky.a(cc2420.o)
 .text.cc2420_send
                0x0000de38       0x12 contiki-sky.a(cc2420.o)
 .text.cc2420_port1_interrupt
                0x0000de4a       0x6a contiki-sky.a(cc2420-arch.o)
                0x0000de4a                __isr_4
                0x0000de4a                cc2420_port1_interrupt
 .text.cc2420_arch_init
                0x0000deb4       0x1a contiki-sky.a(cc2420-arch.o)
                0x0000deb4                cc2420_arch_init
 .text.sky_sensors_status
                0x0000dece       0x3c contiki-sky.a(sky-sensors.o)
                0x0000dece                sky_sensors_status
 .text.sky_sensors_configure
                0x0000df0a       0xf6 contiki-sky.a(sky-sensors.o)
                0x0000df0a                sky_sensors_configure
 .text.uart1_active
                0x0000e000       0x18 contiki-sky.a(uart1.o)
                0x0000e000                uart1_active
 .text.uart1_writeb
                0x0000e018       0x1a contiki-sky.a(uart1.o)
                0x0000e018                uart1_writeb
 .text.uart1_init
                0x0000e032       0xee contiki-sky.a(uart1.o)
                0x0000e032                uart1_init
 .text.putchar  0x0000e120        0xe contiki-sky.a(uart1-putchar.o)
                0x0000e120                putchar
 .text.msp430_init_dco
                0x0000e12e       0x74 contiki-sky.a(msp430.o)
                0x0000e12e                msp430_init_dco
 .text.msp430_add_lpm_req
                0x0000e1a2        0xa contiki-sky.a(msp430.o)
                0x0000e1a2                msp430_add_lpm_req
 .text.msp430_cpu_init
                0x0000e1ac       0x2a contiki-sky.a(msp430.o)
                0x0000e1ac                msp430_cpu_init
 .text.splhigh_
                0x0000e1d6        0x8 contiki-sky.a(msp430.o)
                0x0000e1d6                splhigh_
 .text.msp430_sync_dco
                0x0000e1de       0x60 contiki-sky.a(msp430.o)
                0x0000e1de                msp430_sync_dco
 .text.timera1  0x0000e23e       0xee contiki-sky.a(clock.o)
                0x0000e23e                __isr_5
                0x0000e23e                timera1
 .text.clock_time
                0x0000e32c       0x1a contiki-sky.a(clock.o)
                0x0000e32c                clock_time
 .text.clock_init
                0x0000e346       0x28 contiki-sky.a(clock.o)
                0x0000e346                clock_init
 .text.clock_delay
                0x0000e36e        0xc contiki-sky.a(clock.o)
                0x0000e36e                clock_delay
 .text.clock_wait
                0x0000e37a       0x36 contiki-sky.a(clock.o)
                0x0000e37a                clock_wait
 .text.clock_seconds
                0x0000e3b0       0x1a contiki-sky.a(clock.o)
                0x0000e3b0                clock_seconds
 .text.show_leds
                0x0000e3ca      0x10c contiki-sky.a(leds.o)
 .text.leds_init
                0x0000e4d6        0xe contiki-sky.a(leds.o)
                0x0000e4d6                leds_init
 .text.leds_on  0x0000e4e4       0x14 contiki-sky.a(leds.o)
                0x0000e4e4                leds_on
 .text.leds_off
                0x0000e4f8       0x14 contiki-sky.a(leds.o)
                0x0000e4f8                leds_off
 .text.leds_arch_init
                0x0000e50c        0xe contiki-sky.a(leds-arch.o)
                0x0000e50c                leds_arch_init
 .text.leds_arch_set
                0x0000e51a       0x3a contiki-sky.a(leds-arch.o)
                0x0000e51a                leds_arch_set
 .text.watchdog_interrupt
                0x0000e554        0x6 contiki-sky.a(watchdog.o)
                0x0000e554                __isr_10
                0x0000e554                watchdog_interrupt
 .text.watchdog_start
                0x0000e55a       0x14 contiki-sky.a(watchdog.o)
                0x0000e55a                watchdog_start
 .text.watchdog_periodic
                0x0000e56e       0x12 contiki-sky.a(watchdog.o)
                0x0000e56e                watchdog_periodic
 .text.watchdog_stop
                0x0000e580       0x16 contiki-sky.a(watchdog.o)
                0x0000e580                watchdog_stop
 .text.watchdog_init
                0x0000e596       0x14 contiki-sky.a(watchdog.o)
                0x0000e596                watchdog_init
 .text.rtimer_arch_init
                0x0000e5aa        0xe contiki-sky.a(rtimer-arch.o)
                0x0000e5aa                rtimer_arch_init
 .text.rtimer_arch_now
                0x0000e5b8        0xe contiki-sky.a(rtimer-arch.o)
                0x0000e5b8                rtimer_arch_now
 .text.timera0  0x0000e5c6       0x76 contiki-sky.a(rtimer-arch.o)
                0x0000e5c6                __isr_6
                0x0000e5c6                timera0
 .text.rtimer_arch_schedule
                0x0000e63c        0x6 contiki-sky.a(rtimer-arch.o)
                0x0000e63c                rtimer_arch_schedule
 .text.reset    0x0000e642        0x2 contiki-sky.a(rpl-of0.o)
 .text.calculate_rank
                0x0000e644       0x34 contiki-sky.a(rpl-of0.o)
 .text.best_dag
                0x0000e678       0x34 contiki-sky.a(rpl-of0.o)
 .text.best_parent
                0x0000e6ac       0x6a contiki-sky.a(rpl-of0.o)
 .text.update_metric_container
                0x0000e716        0x6 contiki-sky.a(rpl-of0.o)
 .text.mac_call_sent_callback
                0x0000e71c       0x14 contiki-sky.a(mac.o)
                0x0000e71c                mac_call_sent_callback
 .text.parse    0x0000e730       0xa8 contiki-sky.a(framer-802154.o)
 .text.create   0x0000e7d8      0x10a contiki-sky.a(framer-802154.o)
 .text.rpl_purge_routes
                0x0000e8e2       0x96 contiki-sky.a(rpl.o)
                0x0000e8e2                rpl_purge_routes
 .text.rpl_remove_routes
                0x0000e978       0x22 contiki-sky.a(rpl.o)
                0x0000e978                rpl_remove_routes
 .text.rpl_remove_routes_by_nexthop
                0x0000e99a       0x46 contiki-sky.a(rpl.o)
                0x0000e99a                rpl_remove_routes_by_nexthop
 .text.rpl_add_route
                0x0000e9e0       0x46 contiki-sky.a(rpl.o)
                0x0000e9e0                rpl_add_route
 .text.rpl_link_neighbor_callback
                0x0000ea26       0x6a contiki-sky.a(rpl.o)
                0x0000ea26                rpl_link_neighbor_callback
 .text.rpl_ipv6_neighbor_callback
                0x0000ea90       0x1e contiki-sky.a(rpl.o)
                0x0000ea90                rpl_ipv6_neighbor_callback
 .text.rpl_init
                0x0000eaae       0x40 contiki-sky.a(rpl.o)
                0x0000eaae                rpl_init
 .text.rpl_verify_header
                0x0000eaee       0xae contiki-sky.a(rpl-ext-header.)
                0x0000eaee                rpl_verify_header
 .text.rpl_update_header_empty
                0x0000eb9c       0xf8 contiki-sky.a(rpl-ext-header.)
                0x0000eb9c                rpl_update_header_empty
 .text.rpl_update_header_final
                0x0000ec94       0x84 contiki-sky.a(rpl-ext-header.)
                0x0000ec94                rpl_update_header_final
 .text.rpl_invert_header
                0x0000ed18       0x5c contiki-sky.a(rpl-ext-header.)
                0x0000ed18                rpl_invert_header
 .text.rpl_insert_header
                0x0000ed74       0x18 contiki-sky.a(rpl-ext-header.)
                0x0000ed74                rpl_insert_header
 .text.rev8bits
                0x0000ed8c       0x2c contiki-sky.a(sht11.o)
 .text.crc8_add
                0x0000edb8       0x1c contiki-sky.a(sht11.o)
 .text.sstart   0x0000edd4       0x3e contiki-sky.a(sht11.o)
 .text.swrite   0x0000ee12       0x52 contiki-sky.a(sht11.o)
 .text.sread    0x0000ee64       0x4e contiki-sky.a(sht11.o)
 .text.sreset   0x0000eeb2       0x2a contiki-sky.a(sht11.o)
 .text.scmd     0x0000eedc       0x98 contiki-sky.a(sht11.o)
 .text.sht11_init
                0x0000ef74       0x1a contiki-sky.a(sht11.o)
                0x0000ef74                sht11_init
 .text.sht11_off
                0x0000ef8e       0x14 contiki-sky.a(sht11.o)
                0x0000ef8e                sht11_off
 .text.sht11_temp
                0x0000efa2        0xa contiki-sky.a(sht11.o)
                0x0000efa2                sht11_temp
 .text.sht11_humidity
                0x0000efac        0xa contiki-sky.a(sht11.o)
                0x0000efac                sht11_humidity
 .text.sht11_sreg
                0x0000efb6       0x54 contiki-sky.a(sht11.o)
                0x0000efb6                sht11_sreg
 .text.spi_init
                0x0000f00a       0x32 contiki-sky.a(spi.o)
                0x0000f00a                spi_init
 .text.field_len
                0x0000f03c       0x98 contiki-sky.a(frame802154.o)
 .text.frame802154_hdrlen
                0x0000f0d4       0x2e contiki-sky.a(frame802154.o)
                0x0000f0d4                frame802154_hdrlen
 .text.frame802154_create
                0x0000f102      0x16c contiki-sky.a(frame802154.o)
                0x0000f102                frame802154_create
 .text.frame802154_parse
                0x0000f26e      0x19e contiki-sky.a(frame802154.o)
                0x0000f26e                frame802154_parse
 .text.libgcc   0x0000f40c       0x20 /usr/lib/gcc/msp430/4.5.3/mmpy-16/libgcc.a(_mulsi3.o)
                0x0000f40c                __mulsi3
 .text.libgcc   0x0000f42c       0x1c /usr/lib/gcc/msp430/4.5.3/mmpy-16/libgcc.a(_udivmodhi4.o)
                0x0000f42c                __udivmodhi4
 .text.libgcc   0x0000f448       0x36 /usr/lib/gcc/msp430/4.5.3/mmpy-16/libgcc.a(_divmodhi4.o)
                0x0000f448                __divmodhi4
 .text.libgcc   0x0000f47e       0x2a /usr/lib/gcc/msp430/4.5.3/mmpy-16/libgcc.a(_udivmodsi4.o)
                0x0000f47e                __udivmodsi4
 .text.libgcc   0x0000f4a8       0x4a /usr/lib/gcc/msp430/4.5.3/mmpy-16/libgcc.a(_divmodsi4.o)
                0x0000f4a8                __divmodsi4
 .text.crt0     0x0000f4f2        0x2 /usr/lib/gcc/msp430/4.5.3/mmpy-16/libcrt0.a(_unexpected_.o)
                0x0000f4f2                _unexpected_

.rodata         0x0000f4f4        0x0
                0x0000f4f4                . = ALIGN (0x2)
 *(.rodata .rodata.* .gnu.linkonce.r.*)
                0x0000f4f4                . = ALIGN (0x2)
                0x0000f4f4                _etext = .

.data           0x00001100       0xd6 load address 0x0000f4f4
                0x00001100                . = ALIGN (0x2)
                0x00001100                PROVIDE (__data_start, .)
 *(.data)
 .data          0x00001100        0xa udp-sender.co
                0x00001100                udp_client_process
 .data          0x0000110a        0xc obj_sky/collect-common.o
                0x0000110a                collect_common_process
 .data          0x00001116       0x18 contiki-sky.a(csma.o)
 .data          0x0000112e       0x10 contiki-sky.a(phase.o)
 .data          0x0000113e        0x8 contiki-sky.a(rpl-dag.o)
 .data          0x00001146        0x1 contiki-sky.a(rpl-icmp6.o)
 *fill*         0x00001147        0x1 00
 .data          0x00001148        0xa contiki-sky.a(etimer.o)
                0x00001148                etimer_process
 .data          0x00001152        0xa contiki-sky.a(ctimer.o)
                0x00001152                ctimer_process
 .data          0x0000115c        0x8 contiki-sky.a(nbr-table.o)
 .data          0x00001164       0x18 contiki-sky.a(queuebuf.o)
 .data          0x0000117c        0xa contiki-sky.a(tcpip.o)
                0x0000117c                tcpip_process
 .data          0x00001186       0x18 contiki-sky.a(uip-ds6-route.o)
 .data          0x0000119e        0xa contiki-sky.a(uip-ds6-nbr.o)
                0x0000119e                ds6_neighbors
 .data          0x000011a8        0x4 contiki-sky.a(contiki-sky-pla)
                0x000011a8                sensors
 .data          0x000011ac        0x1 contiki-sky.a(sht11-sensor.o)
 *fill*         0x000011ad        0x1 00
 .data          0x000011ae        0xa contiki-sky.a(sensors.o)
                0x000011ae                sensors_process
 .data          0x000011b8        0xa contiki-sky.a(cc2420.o)
                0x000011b8                cc2420_process
 .data          0x000011c2        0x2 contiki-sky.a(msp430.o)
 .data          0x000011c4        0xe contiki-sky.a(rpl-of0.o)
                0x000011c4                rpl_of0
 .data          0x000011d2        0x4 /usr/lib/gcc/msp430/4.5.3/../../../../msp430/lib/mmpy-16/libc.a(rand.o)
 *(SORT(.data.*))
                0x000011d6                . = ALIGN (0x2)
 *(.gnu.linkonce.d*)
                0x000011d6                . = ALIGN (0x2)
                0x000011d6                _edata = .
                0x0000f4f4                PROVIDE (__data_load_start, LOADADDR (.data))
                0x000000d6                PROVIDE (__data_size, SIZEOF (.data))

.bss            0x000011d6     0x1c28 load address 0x0000f5ca
                0x000011d6                PROVIDE (__bss_start, .)
 *(.bss)
 .bss           0x000011d6       0x2e udp-sender.co
 .bss           0x00001204       0x10 obj_sky/collect-common.o
 .bss           0x00001214        0xc obj_sky/contiki-sky-main.o
 .bss           0x00001220       0xc2 contiki-sky.a(csma.o)
 .bss           0x000012e2       0xd8 contiki-sky.a(contikimac.o)
 .bss           0x000013ba      0x1d8 contiki-sky.a(phase.o)
 .bss           0x00001592       0xc8 contiki-sky.a(rpl-dag.o)
 .bss           0x0000165a       0x18 contiki-sky.a(rpl-timers.o)
 .bss           0x00001672       0x42 contiki-sky.a(process.o)
                0x00001672                process_list
                0x00001674                process_current
 .bss           0x000016b4        0x8 contiki-sky.a(compower.o)
 .bss           0x000016bc        0x6 contiki-sky.a(etimer.o)
 .bss           0x000016c2        0x4 contiki-sky.a(ctimer.o)
 .bss           0x000016c6        0x2 contiki-sky.a(rtimer.o)
 .bss           0x000016c8      0x118 contiki-sky.a(nbr-table.o)
 .bss           0x000017e0       0xba contiki-sky.a(packetbuf.o)
 .bss           0x0000189a      0x71e contiki-sky.a(queuebuf.o)
 .bss           0x00001fb8      0x122 contiki-sky.a(sicslowpan.o)
 .bss           0x000020da       0x36 contiki-sky.a(tcpip.o)
 .bss           0x00002110      0x2fc contiki-sky.a(uip-ds6-route.o)
 .bss           0x0000240c      0x2d0 contiki-sky.a(uip-ds6-nbr.o)
 .bss           0x000026dc       0x18 contiki-sky.a(uip-ds6.o)
 .bss           0x000026f4       0x10 contiki-sky.a(uip-icmp6.o)
 .bss           0x00002704        0xa contiki-sky.a(uip-nd6.o)
 .bss           0x0000270e       0x10 contiki-sky.a(uip6.o)
                0x0000270e                uip_ext_bitmap
                0x00002710                uip_ext_len
                0x00002712                uip_ext_opt_offset
 .bss           0x0000271e       0x10 contiki-sky.a(collect-view.o)
 .bss           0x0000272e        0x8 contiki-sky.a(button-sensor.o)
 .bss           0x00002736        0x2 contiki-sky.a(node-id.o)
                0x00002736                node_id
 .bss           0x00002738        0x6 contiki-sky.a(sensors.o)
 .bss           0x0000273e        0xa contiki-sky.a(cc2420.o)
 .bss           0x00002748        0x4 contiki-sky.a(sky-sensors.o)
 .bss           0x0000274c       0x9a contiki-sky.a(uart1.o)
 .bss           0x000027e6        0xa contiki-sky.a(clock.o)
 .bss           0x000027f0        0x2 contiki-sky.a(leds.o)
 .bss           0x000027f2        0x2 contiki-sky.a(watchdog.o)
 .bss           0x000027f4        0x2 contiki-sky.a(framer-802154.o)
 .bss           0x000027f6        0x4 /usr/lib/gcc/msp430/4.5.3/../../../../msp430/lib/mmpy-16/libc.a(sprintf.o)
 *(SORT(.bss.*))
 *(COMMON)
 COMMON         0x000027fa        0x8 contiki-sky.a(rimeaddr.o)
                0x000027fa                rimeaddr_node_addr
 COMMON         0x00002802       0xbe contiki-sky.a(rpl-dag.o)
                0x00002802                default_instance
                0x00002804                instance_table
 COMMON         0x000028c0        0x1 contiki-sky.a(process.o)
                0x000028c0                process_maxevents
 *fill*         0x000028c1        0x1 00
 COMMON         0x000028c2        0x8 contiki-sky.a(compower.o)
                0x000028c2                compower_idle_activity
 COMMON         0x000028ca        0x1 contiki-sky.a(serial-line.o)
                0x000028ca                serial_line_event_message
 *fill*         0x000028cb        0x1 00
 COMMON         0x000028cc       0x56 contiki-sky.a(energest.o)
                0x000028cc                energest_total_time
                0x000028fc                energest_total_count
                0x000028fe                energest_current_mode
                0x0000290a                energest_current_time
 COMMON         0x00002922       0x50 contiki-sky.a(packetbuf.o)
                0x00002922                packetbuf_addrs
                0x00002942                packetbuf_attrs
 COMMON         0x00002972        0x8 contiki-sky.a(sicslowpan.o)
                0x00002972                frag_sender
 COMMON         0x0000297a        0x1 contiki-sky.a(tcpip.o)
                0x0000297a                tcpip_event
 *fill*         0x0000297b        0x1 00
 COMMON         0x0000297c      0x15c contiki-sky.a(uip-ds6.o)
                0x0000297c                uip_ds6_timer_ra
                0x00002984                uip_ds6_if
                0x00002a70                uip_ds6_netif_addr_list_offset
                0x00002a71                uip_ds6_addr_size
                0x00002a72                uip_ds6_prefix_list
                0x00002acc                uip_ds6_timer_periodic
 COMMON         0x00002ad8      0x304 contiki-sky.a(uip6.o)
                0x00002ad8                uip_len
                0x00002ada                uip_sappdata
                0x00002adc                uip_acc32
                0x00002ae0                uip_lladdr
                0x00002ae8                uip_aligned_buf
                0x00002bd8                uip_flags
                0x00002bda                uip_next_hdr
                0x00002bdc                uip_udp_conn
                0x00002bde                uip_appdata
                0x00002be0                uip_conn
                0x00002be2                uip_conns
                0x00002c92                uip_listenports
                0x00002ca2                uip_slen
                0x00002ca4                uip_udp_conns
 COMMON         0x00002ddc        0x2 contiki-sky.a(contiki-sky-pla)
                0x00002ddc                sensors_flags
 COMMON         0x00002dde        0x8 contiki-sky.a(ds2411.o)
                0x00002dde                ds2411_id
 COMMON         0x00002de6        0x1 contiki-sky.a(sensors.o)
                0x00002de6                sensors_event
 *fill*         0x00002de7        0x1 00
 COMMON         0x00002de8       0x14 contiki-sky.a(cc2420.o)
                0x00002de8                cc2420_last_rssi
                0x00002dea                cc2420_packets_read
                0x00002dec                cc2420_packets_seen
                0x00002dee                cc2420_sfd_start_time
                0x00002df0                cc2420_time_of_departure
                0x00002df2                cc2420_time_of_arrival
                0x00002df4                cc2420_last_correlation
                0x00002df6                cc2420_authority_level_of_sender
                0x00002df8                cc2420_sfd_counter
                0x00002dfa                cc2420_sfd_end_time
 COMMON         0x00002dfc        0x2 contiki-sky.a(msp430.o)
                0x00002dfc                msp430_dco_required
                0x00002dfe                PROVIDE (__bss_end, .)
                0x00002dfe                _end = .
                0x00001c28                PROVIDE (__bss_size, SIZEOF (.bss))

.noinit         0x00002dfe        0x0 load address 0x0000f5ca
                0x00002dfe                PROVIDE (__noinit_start, .)
 *(.noinit)
 *(.noinit.*)
 *(COMMON)
                0x00002dfe                PROVIDE (__noinit_end, .)
                0x00002dfe                _end = .

.infomem        0x00001000        0x0
 *(.infomem)
                0x00001000                . = ALIGN (0x2)
 *(.infomem.*)

.infomemnobits  0x00001000        0x0
                0x00001000                . = ALIGN (0x2)
 *(.infomemnobits)
                0x00001000                . = ALIGN (0x2)
 *(.infomemnobits.*)

.vectors        0x0000ffe0       0x20
                0x0000ffe0                PROVIDE (__vectors_start, .)
 *(.vectors*)
 .vectors       0x0000ffe0       0x20 /usr/lib/gcc/msp430/4.5.3/mmpy-16/crt0ivtbl16.o
                0x0000ffe0                __ivtbl_16
                0x00010000                _vectors_end = .

.fartext        0x00000000        0x0
                0x00000000                . = ALIGN (0x2)
 *(.fartext)
                0x00000000                . = ALIGN (0x2)
 *(.fartext.*)
                0x00000000                _efartext = .

.profiler
 *(.profiler)

.stab
 *(.stab)

.stabstr
 *(.stabstr)

.stab.excl
 *(.stab.excl)

.stab.exclstr
 *(.stab.exclstr)

.stab.index
 *(.stab.index)

.stab.indexstr
 *(.stab.indexstr)

.comment
 *(.comment)

.debug
 *(.debug)

.line
 *(.line)

.debug_srcinfo
 *(.debug_srcinfo)

.debug_sfnames
 *(.debug_sfnames)

.debug_aranges  0x00000000      0x1a4
 *(.debug_aranges)
 .debug_aranges
                0x00000000       0x14 /usr/lib/gcc/msp430/4.5.3/mmpy-16/libgcc.a(_mulsi3.o)
 .debug_aranges
                0x00000014       0x14 /usr/lib/gcc/msp430/4.5.3/mmpy-16/libgcc.a(_udivmodhi4.o)
 .debug_aranges
                0x00000028       0x14 /usr/lib/gcc/msp430/4.5.3/mmpy-16/libgcc.a(_divmodhi4.o)
 .debug_aranges
                0x0000003c       0x14 /usr/lib/gcc/msp430/4.5.3/mmpy-16/libgcc.a(_udivmodsi4.o)
 .debug_aranges
                0x00000050       0x14 /usr/lib/gcc/msp430/4.5.3/mmpy-16/libgcc.a(_divmodsi4.o)
 .debug_aranges
                0x00000064       0x14 /usr/lib/gcc/msp430/4.5.3/../../../../msp430/lib/mmpy-16/libc.a(strncmp.o)
 .debug_aranges
                0x00000078       0x14 /usr/lib/gcc/msp430/4.5.3/../../../../msp430/lib/mmpy-16/libc.a(memcmp.o)
 .debug_aranges
                0x0000008c       0x14 /usr/lib/gcc/msp430/4.5.3/../../../../msp430/lib/mmpy-16/libc.a(memcpy.o)
 .debug_aranges
                0x000000a0       0x14 /usr/lib/gcc/msp430/4.5.3/../../../../msp430/lib/mmpy-16/libc.a(memmove.o)
 .debug_aranges
                0x000000b4       0x14 /usr/lib/gcc/msp430/4.5.3/../../../../msp430/lib/mmpy-16/libc.a(memset.o)
 .debug_aranges
                0x000000c8       0x14 /usr/lib/gcc/msp430/4.5.3/../../../../msp430/lib/mmpy-16/libc.a(printf.o)
 .debug_aranges
                0x000000dc       0x14 /usr/lib/gcc/msp430/4.5.3/../../../../msp430/lib/mmpy-16/libc.a(sprintf.o)
 .debug_aranges
                0x000000f0       0x14 /usr/lib/gcc/msp430/4.5.3/../../../../msp430/lib/mmpy-16/libc.a(vuprintf.o)
 .debug_aranges
                0x00000104       0x14 /usr/lib/gcc/msp430/4.5.3/../../../../msp430/lib/mmpy-16/libc.a(puts.o)
 .debug_aranges
                0x00000118       0x14 /usr/lib/gcc/msp430/4.5.3/../../../../msp430/lib/mmpy-16/libc.a(rand.o)
 .debug_aranges
                0x0000012c       0x14 /usr/lib/gcc/msp430/4.5.3/mmpy-16/libcrt0.a(__init_stack.o)
 .debug_aranges
                0x00000140       0x14 /usr/lib/gcc/msp430/4.5.3/mmpy-16/libcrt0.a(__low_level_init.o)
 .debug_aranges
                0x00000154       0x14 /usr/lib/gcc/msp430/4.5.3/mmpy-16/libcrt0.a(_copy_data.o)
 .debug_aranges
                0x00000168       0x14 /usr/lib/gcc/msp430/4.5.3/mmpy-16/libcrt0.a(_clear_bss.o)
 .debug_aranges
                0x0000017c       0x14 /usr/lib/gcc/msp430/4.5.3/mmpy-16/libcrt0.a(_endless_loop__.o)
 .debug_aranges
                0x00000190       0x14 /usr/lib/gcc/msp430/4.5.3/mmpy-16/libcrt0.a(_unexpected_.o)

.debug_pubnames
                0x00000000      0x16c
 *(.debug_pubnames)
 .debug_pubnames
                0x00000000       0x1e /usr/lib/gcc/msp430/4.5.3/../../../../msp430/lib/mmpy-16/libc.a(strncmp.o)
 .debug_pubnames
                0x0000001e       0x1d /usr/lib/gcc/msp430/4.5.3/../../../../msp430/lib/mmpy-16/libc.a(memcmp.o)
 .debug_pubnames
                0x0000003b       0x1d /usr/lib/gcc/msp430/4.5.3/../../../../msp430/lib/mmpy-16/libc.a(memcpy.o)
 .debug_pubnames
                0x00000058       0x1e /usr/lib/gcc/msp430/4.5.3/../../../../msp430/lib/mmpy-16/libc.a(memmove.o)
 .debug_pubnames
                0x00000076       0x1d /usr/lib/gcc/msp430/4.5.3/../../../../msp430/lib/mmpy-16/libc.a(memset.o)
 .debug_pubnames
                0x00000093       0x29 /usr/lib/gcc/msp430/4.5.3/../../../../msp430/lib/mmpy-16/libc.a(printf.o)
 .debug_pubnames
                0x000000bc       0x46 /usr/lib/gcc/msp430/4.5.3/../../../../msp430/lib/mmpy-16/libc.a(sprintf.o)
 .debug_pubnames
                0x00000102       0x1f /usr/lib/gcc/msp430/4.5.3/../../../../msp430/lib/mmpy-16/libc.a(vuprintf.o)
 .debug_pubnames
                0x00000121       0x1b /usr/lib/gcc/msp430/4.5.3/../../../../msp430/lib/mmpy-16/libc.a(puts.o)
 .debug_pubnames
                0x0000013c       0x30 /usr/lib/gcc/msp430/4.5.3/../../../../msp430/lib/mmpy-16/libc.a(rand.o)

.debug_info     0x00000000     0x1648
 *(.debug_info)
 .debug_info    0x00000000       0xd7 /usr/lib/gcc/msp430/4.5.3/mmpy-16/libgcc.a(_mulsi3.o)
 .debug_info    0x000000d7       0xd7 /usr/lib/gcc/msp430/4.5.3/mmpy-16/libgcc.a(_udivmodhi4.o)
 .debug_info    0x000001ae       0xd7 /usr/lib/gcc/msp430/4.5.3/mmpy-16/libgcc.a(_divmodhi4.o)
 .debug_info    0x00000285       0xd7 /usr/lib/gcc/msp430/4.5.3/mmpy-16/libgcc.a(_udivmodsi4.o)
 .debug_info    0x0000035c       0xd7 /usr/lib/gcc/msp430/4.5.3/mmpy-16/libgcc.a(_divmodsi4.o)
 .debug_info    0x00000433       0xbd /usr/lib/gcc/msp430/4.5.3/../../../../msp430/lib/mmpy-16/libc.a(strncmp.o)
 .debug_info    0x000004f0       0xe2 /usr/lib/gcc/msp430/4.5.3/../../../../msp430/lib/mmpy-16/libc.a(memcmp.o)
 .debug_info    0x000005d2      0x113 /usr/lib/gcc/msp430/4.5.3/../../../../msp430/lib/mmpy-16/libc.a(memcpy.o)
 .debug_info    0x000006e5      0x113 /usr/lib/gcc/msp430/4.5.3/../../../../msp430/lib/mmpy-16/libc.a(memmove.o)
 .debug_info    0x000007f8       0xfe /usr/lib/gcc/msp430/4.5.3/../../../../msp430/lib/mmpy-16/libc.a(memset.o)
 .debug_info    0x000008f6      0x103 /usr/lib/gcc/msp430/4.5.3/../../../../msp430/lib/mmpy-16/libc.a(printf.o)
 .debug_info    0x000009f9      0x277 /usr/lib/gcc/msp430/4.5.3/../../../../msp430/lib/mmpy-16/libc.a(sprintf.o)
 .debug_info    0x00000c70      0x3b5 /usr/lib/gcc/msp430/4.5.3/../../../../msp430/lib/mmpy-16/libc.a(vuprintf.o)
 .debug_info    0x00001025       0x96 /usr/lib/gcc/msp430/4.5.3/../../../../msp430/lib/mmpy-16/libc.a(puts.o)
 .debug_info    0x000010bb      0x137 /usr/lib/gcc/msp430/4.5.3/../../../../msp430/lib/mmpy-16/libc.a(rand.o)
 .debug_info    0x000011f2       0xb9 /usr/lib/gcc/msp430/4.5.3/mmpy-16/libcrt0.a(__init_stack.o)
 .debug_info    0x000012ab       0xb9 /usr/lib/gcc/msp430/4.5.3/mmpy-16/libcrt0.a(__low_level_init.o)
 .debug_info    0x00001364       0xb9 /usr/lib/gcc/msp430/4.5.3/mmpy-16/libcrt0.a(_copy_data.o)
 .debug_info    0x0000141d       0xb9 /usr/lib/gcc/msp430/4.5.3/mmpy-16/libcrt0.a(_clear_bss.o)
 .debug_info    0x000014d6       0xb9 /usr/lib/gcc/msp430/4.5.3/mmpy-16/libcrt0.a(_endless_loop__.o)
 .debug_info    0x0000158f       0xb9 /usr/lib/gcc/msp430/4.5.3/mmpy-16/libcrt0.a(_unexpected_.o)
 *(.gnu.linkonce.wi.*)

.debug_abbrev   0x00000000      0x868
 *(.debug_abbrev)
 .debug_abbrev  0x00000000       0x14 /usr/lib/gcc/msp430/4.5.3/mmpy-16/libgcc.a(_mulsi3.o)
 .debug_abbrev  0x00000014       0x14 /usr/lib/gcc/msp430/4.5.3/mmpy-16/libgcc.a(_udivmodhi4.o)
 .debug_abbrev  0x00000028       0x14 /usr/lib/gcc/msp430/4.5.3/mmpy-16/libgcc.a(_divmodhi4.o)
 .debug_abbrev  0x0000003c       0x14 /usr/lib/gcc/msp430/4.5.3/mmpy-16/libgcc.a(_udivmodsi4.o)
 .debug_abbrev  0x00000050       0x14 /usr/lib/gcc/msp430/4.5.3/mmpy-16/libgcc.a(_divmodsi4.o)
 .debug_abbrev  0x00000064       0x6d /usr/lib/gcc/msp430/4.5.3/../../../../msp430/lib/mmpy-16/libc.a(strncmp.o)
 .debug_abbrev  0x000000d1       0x8a /usr/lib/gcc/msp430/4.5.3/../../../../msp430/lib/mmpy-16/libc.a(memcmp.o)
 .debug_abbrev  0x0000015b       0x97 /usr/lib/gcc/msp430/4.5.3/../../../../msp430/lib/mmpy-16/libc.a(memcpy.o)
 .debug_abbrev  0x000001f2       0x97 /usr/lib/gcc/msp430/4.5.3/../../../../msp430/lib/mmpy-16/libc.a(memmove.o)
 .debug_abbrev  0x00000289       0x8d /usr/lib/gcc/msp430/4.5.3/../../../../msp430/lib/mmpy-16/libc.a(memset.o)
 .debug_abbrev  0x00000316       0xce /usr/lib/gcc/msp430/4.5.3/../../../../msp430/lib/mmpy-16/libc.a(printf.o)
 .debug_abbrev  0x000003e4      0x105 /usr/lib/gcc/msp430/4.5.3/../../../../msp430/lib/mmpy-16/libc.a(sprintf.o)
 .debug_abbrev  0x000004e9      0x1cb /usr/lib/gcc/msp430/4.5.3/../../../../msp430/lib/mmpy-16/libc.a(vuprintf.o)
 .debug_abbrev  0x000006b4       0x60 /usr/lib/gcc/msp430/4.5.3/../../../../msp430/lib/mmpy-16/libc.a(puts.o)
 .debug_abbrev  0x00000714       0xdc /usr/lib/gcc/msp430/4.5.3/../../../../msp430/lib/mmpy-16/libc.a(rand.o)
 .debug_abbrev  0x000007f0       0x14 /usr/lib/gcc/msp430/4.5.3/mmpy-16/libcrt0.a(__init_stack.o)
 .debug_abbrev  0x00000804       0x14 /usr/lib/gcc/msp430/4.5.3/mmpy-16/libcrt0.a(__low_level_init.o)
 .debug_abbrev  0x00000818       0x14 /usr/lib/gcc/msp430/4.5.3/mmpy-16/libcrt0.a(_copy_data.o)
 .debug_abbrev  0x0000082c       0x14 /usr/lib/gcc/msp430/4.5.3/mmpy-16/libcrt0.a(_clear_bss.o)
 .debug_abbrev  0x00000840       0x14 /usr/lib/gcc/msp430/4.5.3/mmpy-16/libcrt0.a(_endless_loop__.o)
 .debug_abbrev  0x00000854       0x14 /usr/lib/gcc/msp430/4.5.3/mmpy-16/libcrt0.a(_unexpected_.o)

.debug_line     0x00000000      0xd21
 *(.debug_line)
 .debug_line    0x00000000       0x9d /usr/lib/gcc/msp430/4.5.3/mmpy-16/libgcc.a(_mulsi3.o)
 .debug_line    0x0000009d       0x9a /usr/lib/gcc/msp430/4.5.3/mmpy-16/libgcc.a(_udivmodhi4.o)
 .debug_line    0x00000137       0xa5 /usr/lib/gcc/msp430/4.5.3/mmpy-16/libgcc.a(_divmodhi4.o)
 .debug_line    0x000001dc       0xa1 /usr/lib/gcc/msp430/4.5.3/mmpy-16/libgcc.a(_udivmodsi4.o)
 .debug_line    0x0000027d       0xaf /usr/lib/gcc/msp430/4.5.3/mmpy-16/libgcc.a(_divmodsi4.o)
 .debug_line    0x0000032c       0x76 /usr/lib/gcc/msp430/4.5.3/../../../../msp430/lib/mmpy-16/libc.a(strncmp.o)
 .debug_line    0x000003a2       0x7c /usr/lib/gcc/msp430/4.5.3/../../../../msp430/lib/mmpy-16/libc.a(memcmp.o)
 .debug_line    0x0000041e       0xf3 /usr/lib/gcc/msp430/4.5.3/../../../../msp430/lib/mmpy-16/libc.a(memcpy.o)
 .debug_line    0x00000511       0xf3 /usr/lib/gcc/msp430/4.5.3/../../../../msp430/lib/mmpy-16/libc.a(memmove.o)
 .debug_line    0x00000604       0xbd /usr/lib/gcc/msp430/4.5.3/../../../../msp430/lib/mmpy-16/libc.a(memset.o)
 .debug_line    0x000006c1       0x72 /usr/lib/gcc/msp430/4.5.3/../../../../msp430/lib/mmpy-16/libc.a(printf.o)
 .debug_line    0x00000733       0x9c /usr/lib/gcc/msp430/4.5.3/../../../../msp430/lib/mmpy-16/libc.a(sprintf.o)
 .debug_line    0x000007cf      0x198 /usr/lib/gcc/msp430/4.5.3/../../../../msp430/lib/mmpy-16/libc.a(vuprintf.o)
 .debug_line    0x00000967       0x4d /usr/lib/gcc/msp430/4.5.3/../../../../msp430/lib/mmpy-16/libc.a(puts.o)
 .debug_line    0x000009b4       0x52 /usr/lib/gcc/msp430/4.5.3/../../../../msp430/lib/mmpy-16/libc.a(rand.o)
 .debug_line    0x00000a06       0x82 /usr/lib/gcc/msp430/4.5.3/mmpy-16/libcrt0.a(__init_stack.o)
 .debug_line    0x00000a88       0x84 /usr/lib/gcc/msp430/4.5.3/mmpy-16/libcrt0.a(__low_level_init.o)
 .debug_line    0x00000b0c       0x88 /usr/lib/gcc/msp430/4.5.3/mmpy-16/libcrt0.a(_copy_data.o)
 .debug_line    0x00000b94       0x88 /usr/lib/gcc/msp430/4.5.3/mmpy-16/libcrt0.a(_clear_bss.o)
 .debug_line    0x00000c1c       0x83 /usr/lib/gcc/msp430/4.5.3/mmpy-16/libcrt0.a(_endless_loop__.o)
 .debug_line    0x00000c9f       0x82 /usr/lib/gcc/msp430/4.5.3/mmpy-16/libcrt0.a(_unexpected_.o)

.debug_frame    0x00000000      0x26a
 *(.debug_frame)
 .debug_frame   0x00000000       0x24 /usr/lib/gcc/msp430/4.5.3/../../../../msp430/lib/mmpy-16/libc.a(strncmp.o)
 .debug_frame   0x00000024       0x28 /usr/lib/gcc/msp430/4.5.3/../../../../msp430/lib/mmpy-16/libc.a(memcmp.o)
 .debug_frame   0x0000004c       0x32 /usr/lib/gcc/msp430/4.5.3/../../../../msp430/lib/mmpy-16/libc.a(memcpy.o)
 .debug_frame   0x0000007e       0x32 /usr/lib/gcc/msp430/4.5.3/../../../../msp430/lib/mmpy-16/libc.a(memmove.o)
 .debug_frame   0x000000b0       0x32 /usr/lib/gcc/msp430/4.5.3/../../../../msp430/lib/mmpy-16/libc.a(memset.o)
 .debug_frame   0x000000e2       0x2a /usr/lib/gcc/msp430/4.5.3/../../../../msp430/lib/mmpy-16/libc.a(printf.o)
 .debug_frame   0x0000010c       0x68 /usr/lib/gcc/msp430/4.5.3/../../../../msp430/lib/mmpy-16/libc.a(sprintf.o)
 .debug_frame   0x00000174       0x82 /usr/lib/gcc/msp430/4.5.3/../../../../msp430/lib/mmpy-16/libc.a(vuprintf.o)
 .debug_frame   0x000001f6       0x24 /usr/lib/gcc/msp430/4.5.3/../../../../msp430/lib/mmpy-16/libc.a(puts.o)
 .debug_frame   0x0000021a       0x50 /usr/lib/gcc/msp430/4.5.3/../../../../msp430/lib/mmpy-16/libc.a(rand.o)

.debug_str      0x00000000      0x37c
 *(.debug_str)
 .debug_str     0x00000000       0x9b /usr/lib/gcc/msp430/4.5.3/../../../../msp430/lib/mmpy-16/libc.a(strncmp.o)
                                 0xd4 (size before relaxing)
 .debug_str     0x0000009b       0x19 /usr/lib/gcc/msp430/4.5.3/../../../../msp430/lib/mmpy-16/libc.a(memcmp.o)
                                 0xd2 (size before relaxing)
 .debug_str     0x000000b4       0x34 /usr/lib/gcc/msp430/4.5.3/../../../../msp430/lib/mmpy-16/libc.a(memcpy.o)
                                 0xed (size before relaxing)
 .debug_str     0x000000e8       0x1b /usr/lib/gcc/msp430/4.5.3/../../../../msp430/lib/mmpy-16/libc.a(memmove.o)
                                 0xef (size before relaxing)
 .debug_str     0x00000103       0x26 /usr/lib/gcc/msp430/4.5.3/../../../../msp430/lib/mmpy-16/libc.a(memset.o)
                                 0xeb (size before relaxing)
 .debug_str     0x00000129       0x40 /usr/lib/gcc/msp430/4.5.3/../../../../msp430/lib/mmpy-16/libc.a(printf.o)
                                0x101 (size before relaxing)
 .debug_str     0x00000169       0x6e /usr/lib/gcc/msp430/4.5.3/../../../../msp430/lib/mmpy-16/libc.a(sprintf.o)
                                0x166 (size before relaxing)
 .debug_str     0x000001d7      0x161 /usr/lib/gcc/msp430/4.5.3/../../../../msp430/lib/mmpy-16/libc.a(vuprintf.o)
                                0x25d (size before relaxing)
 .debug_str     0x00000338       0x15 /usr/lib/gcc/msp430/4.5.3/../../../../msp430/lib/mmpy-16/libc.a(puts.o)
                                 0xc7 (size before relaxing)
 .debug_str     0x0000034d       0x2f /usr/lib/gcc/msp430/4.5.3/../../../../msp430/lib/mmpy-16/libc.a(rand.o)
                                 0xe6 (size before relaxing)

.debug_loc      0x00000000      0xb7d
 *(.debug_loc)
 .debug_loc     0x00000000       0x63 /usr/lib/gcc/msp430/4.5.3/../../../../msp430/lib/mmpy-16/libc.a(strncmp.o)
 .debug_loc     0x00000063       0x59 /usr/lib/gcc/msp430/4.5.3/../../../../msp430/lib/mmpy-16/libc.a(memcmp.o)
 .debug_loc     0x000000bc      0x1d6 /usr/lib/gcc/msp430/4.5.3/../../../../msp430/lib/mmpy-16/libc.a(memcpy.o)
 .debug_loc     0x00000292      0x1d6 /usr/lib/gcc/msp430/4.5.3/../../../../msp430/lib/mmpy-16/libc.a(memmove.o)
 .debug_loc     0x00000468       0xeb /usr/lib/gcc/msp430/4.5.3/../../../../msp430/lib/mmpy-16/libc.a(memset.o)
 .debug_loc     0x00000553       0x24 /usr/lib/gcc/msp430/4.5.3/../../../../msp430/lib/mmpy-16/libc.a(printf.o)
 .debug_loc     0x00000577       0xeb /usr/lib/gcc/msp430/4.5.3/../../../../msp430/lib/mmpy-16/libc.a(sprintf.o)
 .debug_loc     0x00000662      0x49c /usr/lib/gcc/msp430/4.5.3/../../../../msp430/lib/mmpy-16/libc.a(vuprintf.o)
 .debug_loc     0x00000afe       0x2d /usr/lib/gcc/msp430/4.5.3/../../../../msp430/lib/mmpy-16/libc.a(puts.o)
 .debug_loc     0x00000b2b       0x52 /usr/lib/gcc/msp430/4.5.3/../../../../msp430/lib/mmpy-16/libc.a(rand.o)

.debug_macinfo
 *(.debug_macinfo)

.debug_pubtypes
                0x00000000      0x19f
 *(.debug_pubtypes)
 .debug_pubtypes
                0x00000000       0x1d /usr/lib/gcc/msp430/4.5.3/../../../../msp430/lib/mmpy-16/libc.a(strncmp.o)
 .debug_pubtypes
                0x0000001d       0x1d /usr/lib/gcc/msp430/4.5.3/../../../../msp430/lib/mmpy-16/libc.a(memcmp.o)
 .debug_pubtypes
                0x0000003a       0x26 /usr/lib/gcc/msp430/4.5.3/../../../../msp430/lib/mmpy-16/libc.a(memcpy.o)
 .debug_pubtypes
                0x00000060       0x26 /usr/lib/gcc/msp430/4.5.3/../../../../msp430/lib/mmpy-16/libc.a(memmove.o)
 .debug_pubtypes